[     187ms] [INFO] %cDownload the React DevTools for a better development experience: https://react.dev/link/react-devtools font-weight:bold @ http://localhost:5213/node_modules/.vite/deps/react-dom_client.js?v=2a1d275e:20102
[     246ms] [LOG] ConfigManager initialized (mode: local) @ http://localhost:5213/@fs/Users/develop/wfh/stern-bak/packages/core/host-config/dist/ConfigManager.js?t=1785693187897:382
[     288ms] [ERROR] Failed to load resource: the server responded with a status of 404 (Not Found) @ http://localhost:5213/favicon.ico:0
[     321ms] [LOG] [markets-grid] gridId=%s mode=%s providerId=%s providerName=%s stomp-blotter live (none) (none) @ http://localhost:5213/@fs/Users/develop/wfh/stern-bak/packages/react-grid/widgets-react/dist/container/markets-grid-container/MarketsGridContainer.js?t=1785693209960:272
[     321ms] [LOG] [markets-grid] gridId=%s mode=%s providerId=%s providerName=%s stomp-blotter live (none) (none) @ http://localhost:5213/@fs/Users/develop/wfh/stern-bak/packages/react-grid/widgets-react/dist/container/markets-grid-container/MarketsGridContainer.js?t=1785693209960:272
[     362ms] [ERROR] **************************************************************************************************************************** @ http://localhost:5213/node_modules/.vite/deps/ag-grid-enterprise.js?v=2a1d275e:887
[     362ms] [ERROR] ************************************************ AG Grid Enterprise License ************************************************ @ http://localhost:5213/node_modules/.vite/deps/ag-grid-enterprise.js?v=2a1d275e:887
[     362ms] [ERROR] ************************************************** License Key Not Found *************************************************** @ http://localhost:5213/node_modules/.vite/deps/ag-grid-enterprise.js?v=2a1d275e:887
[     362ms] [ERROR] * All AG Grid Enterprise features are unlocked for trial.                                                                  * @ http://localhost:5213/node_modules/.vite/deps/ag-grid-enterprise.js?v=2a1d275e:890
[     362ms] [ERROR] * If you want to hide the watermark please email info@ag-grid.com for a trial license key.                                 * @ http://localhost:5213/node_modules/.vite/deps/ag-grid-enterprise.js?v=2a1d275e:890
[     363ms] [ERROR] **************************************************************************************************************************** @ http://localhost:5213/node_modules/.vite/deps/ag-grid-enterprise.js?v=2a1d275e:887
[     363ms] [ERROR] **************************************************************************************************************************** @ http://localhost:5213/node_modules/.vite/deps/ag-grid-enterprise.js?v=2a1d275e:887
[     384ms] [LOG] [v2/markets-grid] gridLevelData: load → adapter.loadGridLevelData(%s) stomp-blotter @ http://localhost:5213/@fs/Users/develop/wfh/stern-bak/packages/react-grid/grid/dist/widget/useMarketsGridController.js?t=1785693207025:61
[     384ms] [LOG] [markets-grid] gridId=%s mode=%s providerId=%s providerName=%s stomp-blotter live stomp-marketsgrid-minimal:positions-live (none) @ http://localhost:5213/@fs/Users/develop/wfh/stern-bak/packages/react-grid/widgets-react/dist/container/markets-grid-container/MarketsGridContainer.js?t=1785693209960:272
[     387ms] [ERROR] **************************************************************************************************************************** @ http://localhost:5213/node_modules/.vite/deps/ag-grid-enterprise.js?v=2a1d275e:887
[     387ms] [ERROR] ************************************************ AG Grid Enterprise License ************************************************ @ http://localhost:5213/node_modules/.vite/deps/ag-grid-enterprise.js?v=2a1d275e:887
[     387ms] [ERROR] ************************************************** License Key Not Found *************************************************** @ http://localhost:5213/node_modules/.vite/deps/ag-grid-enterprise.js?v=2a1d275e:887
[     387ms] [ERROR] * All AG Grid Enterprise features are unlocked for trial.                                                                  * @ http://localhost:5213/node_modules/.vite/deps/ag-grid-enterprise.js?v=2a1d275e:890
[     387ms] [ERROR] * If you want to hide the watermark please email info@ag-grid.com for a trial license key.                                 * @ http://localhost:5213/node_modules/.vite/deps/ag-grid-enterprise.js?v=2a1d275e:890
[     387ms] [ERROR] **************************************************************************************************************************** @ http://localhost:5213/node_modules/.vite/deps/ag-grid-enterprise.js?v=2a1d275e:887
[     387ms] [ERROR] **************************************************************************************************************************** @ http://localhost:5213/node_modules/.vite/deps/ag-grid-enterprise.js?v=2a1d275e:887
[     411ms] [ERROR] **************************************************************************************************************************** @ http://localhost:5213/node_modules/.vite/deps/ag-grid-enterprise.js?v=2a1d275e:887
[     412ms] [ERROR] ************************************************ AG Grid Enterprise License ************************************************ @ http://localhost:5213/node_modules/.vite/deps/ag-grid-enterprise.js?v=2a1d275e:887
[     412ms] [ERROR] ************************************************** License Key Not Found *************************************************** @ http://localhost:5213/node_modules/.vite/deps/ag-grid-enterprise.js?v=2a1d275e:887
[     412ms] [ERROR] * All AG Grid Enterprise features are unlocked for trial.                                                                  * @ http://localhost:5213/node_modules/.vite/deps/ag-grid-enterprise.js?v=2a1d275e:890
[     412ms] [ERROR] * If you want to hide the watermark please email info@ag-grid.com for a trial license key.                                 * @ http://localhost:5213/node_modules/.vite/deps/ag-grid-enterprise.js?v=2a1d275e:890
[     412ms] [ERROR] **************************************************************************************************************************** @ http://localhost:5213/node_modules/.vite/deps/ag-grid-enterprise.js?v=2a1d275e:887
[     412ms] [ERROR] **************************************************************************************************************************** @ http://localhost:5213/node_modules/.vite/deps/ag-grid-enterprise.js?v=2a1d275e:887
[     419ms] [LOG] [v2/markets-grid] gridLevelData: load → adapter.loadGridLevelData(%s) stomp-blotter @ http://localhost:5213/@fs/Users/develop/wfh/stern-bak/packages/react-grid/grid/dist/widget/useMarketsGridController.js?t=1785693207025:61
[     419ms] [LOG] [markets-grid] gridId=%s mode=%s providerId=%s providerName=%s stomp-blotter live stomp-marketsgrid-minimal:positions-live STOMP Positions @ http://localhost:5213/@fs/Users/develop/wfh/stern-bak/packages/react-grid/widgets-react/dist/container/markets-grid-container/MarketsGridContainer.js?t=1785693209960:272
[     420ms] [ERROR] **************************************************************************************************************************** @ http://localhost:5213/node_modules/.vite/deps/ag-grid-enterprise.js?v=2a1d275e:887
[     420ms] [ERROR] ************************************************ AG Grid Enterprise License ************************************************ @ http://localhost:5213/node_modules/.vite/deps/ag-grid-enterprise.js?v=2a1d275e:887
[     420ms] [ERROR] ************************************************** License Key Not Found *************************************************** @ http://localhost:5213/node_modules/.vite/deps/ag-grid-enterprise.js?v=2a1d275e:887
[     420ms] [ERROR] * All AG Grid Enterprise features are unlocked for trial.                                                                  * @ http://localhost:5213/node_modules/.vite/deps/ag-grid-enterprise.js?v=2a1d275e:890
[     420ms] [ERROR] * If you want to hide the watermark please email info@ag-grid.com for a trial license key.                                 * @ http://localhost:5213/node_modules/.vite/deps/ag-grid-enterprise.js?v=2a1d275e:890
[     420ms] [ERROR] **************************************************************************************************************************** @ http://localhost:5213/node_modules/.vite/deps/ag-grid-enterprise.js?v=2a1d275e:887
[     420ms] [ERROR] **************************************************************************************************************************** @ http://localhost:5213/node_modules/.vite/deps/ag-grid-enterprise.js?v=2a1d275e:887
[     571ms] [LOG] [v2/markets-grid] handle delivered to onReady (gridApi alive — consumer can now subscribe) @ http://localhost:5213/@fs/Users/develop/wfh/stern-bak/packages/react-grid/grid/dist/widget/useMarketsGridController.js?t=1785693207025:187
[     587ms] [INFO] [starui/stomp-template] main thread ProviderClientAdapter.start {providerId: stomp-marketsgrid-minimal:positions-live, note: Hub loads catalog cfg in worker — see hub.attach / stomp.onConnect logs for wire destinations.} @ http://localhost:5213/@fs/Users/develop/wfh/stern-bak/packages/data/host-data/dist/provider/ProviderClientAdapter.js?t=1785693189023:69
