[     341ms] [INFO] %cDownload the React DevTools for a better development experience: https://react.dev/link/react-devtools font-weight:bold @ http://localhost:5213/node_modules/.vite/deps/react-dom_client.js?v=2a1d275e:20102
[     396ms] [LOG] ConfigManager initialized (mode: local) @ http://localhost:5213/@fs/Users/develop/wfh/stern-bak/packages/core/host-config/dist/ConfigManager.js:382
[     473ms] [ERROR] Failed to load resource: the server responded with a status of 404 (Not Found) @ http://localhost:5213/favicon.ico:0
[     502ms] [LOG] [markets-grid] gridId=%s mode=%s providerId=%s providerName=%s stomp-blotter live (none) (none) @ http://localhost:5213/@fs/Users/develop/wfh/stern-bak/packages/react-grid/widgets-react/dist/container/markets-grid-container/MarketsGridContainer.js:272
[     503ms] [LOG] [markets-grid] gridId=%s mode=%s providerId=%s providerName=%s stomp-blotter live (none) (none) @ http://localhost:5213/@fs/Users/develop/wfh/stern-bak/packages/react-grid/widgets-react/dist/container/markets-grid-container/MarketsGridContainer.js:272
[     534ms] [ERROR] **************************************************************************************************************************** @ http://localhost:5213/node_modules/.vite/deps/ag-grid-enterprise.js?v=2a1d275e:887
[     534ms] [ERROR] ************************************************ AG Grid Enterprise License ************************************************ @ http://localhost:5213/node_modules/.vite/deps/ag-grid-enterprise.js?v=2a1d275e:887
[     534ms] [ERROR] ************************************************** License Key Not Found *************************************************** @ http://localhost:5213/node_modules/.vite/deps/ag-grid-enterprise.js?v=2a1d275e:887
[     534ms] [ERROR] * All AG Grid Enterprise features are unlocked for trial.                                                                  * @ http://localhost:5213/node_modules/.vite/deps/ag-grid-enterprise.js?v=2a1d275e:890
[     534ms] [ERROR] * If you want to hide the watermark please email info@ag-grid.com for a trial license key.                                 * @ http://localhost:5213/node_modules/.vite/deps/ag-grid-enterprise.js?v=2a1d275e:890
[     534ms] [ERROR] **************************************************************************************************************************** @ http://localhost:5213/node_modules/.vite/deps/ag-grid-enterprise.js?v=2a1d275e:887
[     535ms] [ERROR] **************************************************************************************************************************** @ http://localhost:5213/node_modules/.vite/deps/ag-grid-enterprise.js?v=2a1d275e:887
[     556ms] [LOG] [v2/markets-grid] gridLevelData: load → adapter.loadGridLevelData(%s) stomp-blotter @ http://localhost:5213/@fs/Users/develop/wfh/stern-bak/packages/react-grid/grid/dist/widget/useMarketsGridController.js:61
[     557ms] [LOG] [markets-grid] gridId=%s mode=%s providerId=%s providerName=%s stomp-blotter live stomp-marketsgrid-minimal:positions-live (none) @ http://localhost:5213/@fs/Users/develop/wfh/stern-bak/packages/react-grid/widgets-react/dist/container/markets-grid-container/MarketsGridContainer.js:272
[     558ms] [ERROR] **************************************************************************************************************************** @ http://localhost:5213/node_modules/.vite/deps/ag-grid-enterprise.js?v=2a1d275e:887
[     559ms] [ERROR] ************************************************ AG Grid Enterprise License ************************************************ @ http://localhost:5213/node_modules/.vite/deps/ag-grid-enterprise.js?v=2a1d275e:887
[     559ms] [ERROR] ************************************************** License Key Not Found *************************************************** @ http://localhost:5213/node_modules/.vite/deps/ag-grid-enterprise.js?v=2a1d275e:887
[     559ms] [ERROR] * All AG Grid Enterprise features are unlocked for trial.                                                                  * @ http://localhost:5213/node_modules/.vite/deps/ag-grid-enterprise.js?v=2a1d275e:890
[     559ms] [ERROR] * If you want to hide the watermark please email info@ag-grid.com for a trial license key.                                 * @ http://localhost:5213/node_modules/.vite/deps/ag-grid-enterprise.js?v=2a1d275e:890
[     559ms] [ERROR] **************************************************************************************************************************** @ http://localhost:5213/node_modules/.vite/deps/ag-grid-enterprise.js?v=2a1d275e:887
[     559ms] [ERROR] **************************************************************************************************************************** @ http://localhost:5213/node_modules/.vite/deps/ag-grid-enterprise.js?v=2a1d275e:887
[   80531ms] [ERROR] Each child in a list should have a unique "key" prop.%s%s See https://react.dev/link/warning-keys for more information. 

Check the render method of `tbody`.  It was passed a child from HubInspectorVirtualSection. @ http://localhost:5213/node_modules/.vite/deps/react-dom_client.js?v=2a1d275e:18617
[  431449ms] [ERROR] **************************************************************************************************************************** @ http://localhost:5213/node_modules/.vite/deps/ag-grid-enterprise.js?v=2a1d275e:887
[  431449ms] [ERROR] ************************************************ AG Grid Enterprise License ************************************************ @ http://localhost:5213/node_modules/.vite/deps/ag-grid-enterprise.js?v=2a1d275e:887
[  431449ms] [ERROR] ************************************************** License Key Not Found *************************************************** @ http://localhost:5213/node_modules/.vite/deps/ag-grid-enterprise.js?v=2a1d275e:887
[  431449ms] [ERROR] * All AG Grid Enterprise features are unlocked for trial.                                                                  * @ http://localhost:5213/node_modules/.vite/deps/ag-grid-enterprise.js?v=2a1d275e:890
[  431449ms] [ERROR] * If you want to hide the watermark please email info@ag-grid.com for a trial license key.                                 * @ http://localhost:5213/node_modules/.vite/deps/ag-grid-enterprise.js?v=2a1d275e:890
[  431449ms] [ERROR] **************************************************************************************************************************** @ http://localhost:5213/node_modules/.vite/deps/ag-grid-enterprise.js?v=2a1d275e:887
[  431450ms] [ERROR] **************************************************************************************************************************** @ http://localhost:5213/node_modules/.vite/deps/ag-grid-enterprise.js?v=2a1d275e:887
[  431464ms] [LOG] [v2/markets-grid] gridLevelData: load → adapter.loadGridLevelData(%s) stomp-blotter @ http://localhost:5213/@fs/Users/develop/wfh/stern-bak/packages/react-grid/grid/dist/widget/useMarketsGridController.js:61
[  431464ms] [LOG] [markets-grid] gridId=%s mode=%s providerId=%s providerName=%s stomp-blotter live stomp-marketsgrid-minimal:positions-live STOMP Positions @ http://localhost:5213/@fs/Users/develop/wfh/stern-bak/packages/react-grid/widgets-react/dist/container/markets-grid-container/MarketsGridContainer.js:272
[  431466ms] [ERROR] **************************************************************************************************************************** @ http://localhost:5213/node_modules/.vite/deps/ag-grid-enterprise.js?v=2a1d275e:887
[  431466ms] [ERROR] ************************************************ AG Grid Enterprise License ************************************************ @ http://localhost:5213/node_modules/.vite/deps/ag-grid-enterprise.js?v=2a1d275e:887
[  431466ms] [ERROR] ************************************************** License Key Not Found *************************************************** @ http://localhost:5213/node_modules/.vite/deps/ag-grid-enterprise.js?v=2a1d275e:887
[  431466ms] [ERROR] * All AG Grid Enterprise features are unlocked for trial.                                                                  * @ http://localhost:5213/node_modules/.vite/deps/ag-grid-enterprise.js?v=2a1d275e:890
[  431466ms] [ERROR] * If you want to hide the watermark please email info@ag-grid.com for a trial license key.                                 * @ http://localhost:5213/node_modules/.vite/deps/ag-grid-enterprise.js?v=2a1d275e:890
[  431466ms] [ERROR] **************************************************************************************************************************** @ http://localhost:5213/node_modules/.vite/deps/ag-grid-enterprise.js?v=2a1d275e:887
[  431467ms] [ERROR] **************************************************************************************************************************** @ http://localhost:5213/node_modules/.vite/deps/ag-grid-enterprise.js?v=2a1d275e:887
[  431603ms] [LOG] [v2/markets-grid] handle delivered to onReady (gridApi alive — consumer can now subscribe) @ http://localhost:5213/@fs/Users/develop/wfh/stern-bak/packages/react-grid/grid/dist/widget/useMarketsGridController.js:187
[  431616ms] [INFO] [starui/stomp-template] main thread ProviderClientAdapter.start {providerId: stomp-marketsgrid-minimal:positions-live, note: Hub loads catalog cfg in worker — see hub.attach / stomp.onConnect logs for wire destinations.} @ http://localhost:5213/@fs/Users/develop/wfh/stern-bak/packages/data/host-data/dist/provider/ProviderClientAdapter.js:69
[  625560ms] [ERROR] Failed to load resource: the server responded with a status of 404 (Not Found) @ http://localhost:5213/@fs/Users/develop/wfh/stern-bak/packages/design-system/icons-svg/dist/allIcons.js?t=1785693191586:0
[  625561ms] [INFO] [hmr] /@fs/Users/develop/wfh/stern-bak/packages/react-grid/grid/dist/widget/formatter/primitives.js failed to apply HMR as it's within a circular import. Reloading page to reset the execution order. To debug and break the circular import, you can run `vite --debug hmr` to log the circular dependency path if a file change triggered it. @ http://localhost:5213/@vite/client:817
[  625561ms] [ERROR] [vite] Failed to reload /@fs/Users/develop/wfh/stern-bak/packages/react-grid/grid/dist/widget/formatter/primitives.js. This could be due to syntax errors or importing non-existent modules. (see errors above) @ http://localhost:5213/@vite/client:808
[  625561ms] [ERROR] [vite] Failed to reload /@fs/Users/develop/wfh/stern-bak/packages/react-grid/grid/dist/widget/formatter/modules/ModuleFormat.js. This could be due to syntax errors or importing non-existent modules. (see errors above) @ http://localhost:5213/@vite/client:808
[  625561ms] [ERROR] [vite] Failed to reload /@fs/Users/develop/wfh/stern-bak/packages/react-grid/grid/dist/widget/AdminActionButtons.js. This could be due to syntax errors or importing non-existent modules. (see errors above) @ http://localhost:5213/@vite/client:808
[  625561ms] [ERROR] [vite] Failed to reload /@fs/Users/develop/wfh/stern-bak/packages/react-grid/grid/dist/widget/editingToolbar/EditingToolbar.js. This could be due to syntax errors or importing non-existent modules. (see errors above) @ http://localhost:5213/@vite/client:808
[  625561ms] [ERROR] [vite] Failed to reload /@fs/Users/develop/wfh/stern-bak/packages/react-grid/grid/dist/widget/FormattingToolbar.js. This could be due to syntax errors or importing non-existent modules. (see errors above) @ http://localhost:5213/@vite/client:808
[  625561ms] [ERROR] [vite] Failed to reload /@fs/Users/develop/wfh/stern-bak/packages/react-grid/grid/dist/widget/MarketsGridHost.js. This could be due to syntax errors or importing non-existent modules. (see errors above) @ http://localhost:5213/@vite/client:808
[  625561ms] [ERROR] [vite] Failed to reload /@fs/Users/develop/wfh/stern-bak/packages/react-grid/widgets-react/dist/container/markets-grid-container/MarketsGridContainer.js. This could be due to syntax errors or importing non-existent modules. (see errors above) @ http://localhost:5213/@vite/client:808
[  625561ms] [ERROR] [vite] Failed to reload /@fs/Users/develop/wfh/stern-bak/packages/react-grid/grid/dist/widget/MarketsGrid.js. This could be due to syntax errors or importing non-existent modules. (see errors above) @ http://localhost:5213/@vite/client:808
[  625561ms] [ERROR] [vite] Failed to reload /@fs/Users/develop/wfh/stern-bak/packages/react-grid/widgets-react/dist/container/provider-editor/tabs/ColumnsTab.js. This could be due to syntax errors or importing non-existent modules. (see errors above) @ http://localhost:5213/@vite/client:808
[  625561ms] [ERROR] [vite] Failed to reload /@fs/Users/develop/wfh/stern-bak/packages/react-grid/grid/dist/widget/formatter/modules/ModulePaint.js. This could be due to syntax errors or importing non-existent modules. (see errors above) @ http://localhost:5213/@vite/client:808
[  625561ms] [ERROR] [vite] Failed to reload /@fs/Users/develop/wfh/stern-bak/packages/react-grid/grid/dist/widget/FiltersToolbar.js. This could be due to syntax errors or importing non-existent modules. (see errors above) @ http://localhost:5213/@vite/client:808
[  625561ms] [ERROR] [vite] Failed to reload /@fs/Users/develop/wfh/stern-bak/packages/react-grid/grid/dist/widget/PrimaryToolbar.js. This could be due to syntax errors or importing non-existent modules. (see errors above) @ http://localhost:5213/@vite/client:808
[  625561ms] [ERROR] [vite] Failed to reload /@fs/Users/develop/wfh/stern-bak/packages/react-grid/grid/dist/widget/ViewMenu.js. This could be due to syntax errors or importing non-existent modules. (see errors above) @ http://localhost:5213/@vite/client:808
[  625561ms] [ERROR] [vite] Failed to reload /@fs/Users/develop/wfh/stern-bak/packages/react-grid/grid/dist/widget/ProfileSelector.js. This could be due to syntax errors or importing non-existent modules. (see errors above) @ http://localhost:5213/@vite/client:808
[  625561ms] [ERROR] [vite] Failed to reload /@fs/Users/develop/wfh/stern-bak/packages/react-grid/grid/dist/widget/help/EmojiGrid.js. This could be due to syntax errors or importing non-existent modules. (see errors above) @ http://localhost:5213/@vite/client:808
[  625561ms] [ERROR] [vite] Failed to reload /@fs/Users/develop/wfh/stern-bak/packages/react-grid/grid/dist/widget/formatter/modules/ModuleEditorFilter.js. This could be due to syntax errors or importing non-existent modules. (see errors above) @ http://localhost:5213/@vite/client:808
[  625561ms] [ERROR] [vite] Failed to reload /@fs/Users/develop/wfh/stern-bak/packages/react-grid/grid/dist/widget/GridInfoButton.js. This could be due to syntax errors or importing non-existent modules. (see errors above) @ http://localhost:5213/@vite/client:808
[  625561ms] [INFO] [hmr] /@fs/Users/develop/wfh/stern-bak/packages/react-grid/grid/dist/customizer/modules/data-change-history/EditHistoryToolbarBody.js failed to apply HMR as it's within a circular import. Reloading page to reset the execution order. To debug and break the circular import, you can run `vite --debug hmr` to log the circular dependency path if a file change triggered it. @ http://localhost:5213/@vite/client:817
[  625561ms] [ERROR] [vite] Failed to reload /@fs/Users/develop/wfh/stern-bak/packages/react-grid/grid/dist/customizer/modules/data-change-history/EditHistoryToolbarBody.js. This could be due to syntax errors or importing non-existent modules. (see errors above) @ http://localhost:5213/@vite/client:808
[  625561ms] [ERROR] [vite] Failed to reload /@fs/Users/develop/wfh/stern-bak/packages/react-grid/grid/dist/widget/TemplateManager.js. This could be due to syntax errors or importing non-existent modules. (see errors above) @ http://localhost:5213/@vite/client:808
[  625561ms] [ERROR] [vite] Failed to reload /@fs/Users/develop/wfh/stern-bak/packages/react-grid/grid/dist/widget/help/Overview.js. This could be due to syntax errors or importing non-existent modules. (see errors above) @ http://localhost:5213/@vite/client:808
[  625561ms] [ERROR] [vite] Failed to reload /@fs/Users/develop/wfh/stern-bak/packages/react-grid/grid/dist/widget/SettingsSheet.js. This could be due to syntax errors or importing non-existent modules. (see errors above) @ http://localhost:5213/@vite/client:808
[  625561ms] [ERROR] [vite] Failed to reload /@fs/Users/develop/wfh/stern-bak/packages/react-grid/grid/dist/widget/editingToolbar/EditingToolbarKeyboardMenu.js. This could be due to syntax errors or importing non-existent modules. (see errors above) @ http://localhost:5213/@vite/client:808
[  625561ms] [ERROR] [vite] Failed to reload /@fs/Users/develop/wfh/stern-bak/packages/react-grid/grid/dist/widget/formatter/modules/ModuleLibrary.js. This could be due to syntax errors or importing non-existent modules. (see errors above) @ http://localhost:5213/@vite/client:808
[  625561ms] [ERROR] [vite] Failed to reload /@fs/Users/develop/wfh/stern-bak/packages/react-grid/grid/dist/widget/EditableCaption.js. This could be due to syntax errors or importing non-existent modules. (see errors above) @ http://localhost:5213/@vite/client:808
[  625561ms] [ERROR] [vite] Failed to reload /@fs/Users/develop/wfh/stern-bak/packages/react-grid/grid/dist/widget/UnsavedSwitchDialog.js. This could be due to syntax errors or importing non-existent modules. (see errors above) @ http://localhost:5213/@vite/client:808
[  625561ms] [ERROR] [vite] Failed to reload /@fs/Users/develop/wfh/stern-bak/packages/react-grid/grid/dist/widget/DraggableFloat.js. This could be due to syntax errors or importing non-existent modules. (see errors above) @ http://localhost:5213/@vite/client:808
[  625561ms] [ERROR] [vite] Failed to reload /@fs/Users/develop/wfh/stern-bak/packages/react-grid/widgets-react/dist/container/provider-editor/transports/AppDataFields.js. This could be due to syntax errors or importing non-existent modules. (see errors above) @ http://localhost:5213/@vite/client:808
[  625561ms] [ERROR] [vite] Failed to reload /@fs/Users/develop/wfh/stern-bak/packages/react-grid/grid/dist/widget/formatter/modules/ModuleContext.js. This could be due to syntax errors or importing non-existent modules. (see errors above) @ http://localhost:5213/@vite/client:808
[  625561ms] [INFO] [hmr] /@fs/Users/develop/wfh/stern-bak/packages/react-grid/grid/dist/customizer/modules/bulk-update/BulkUpdateToolbarBody.js failed to apply HMR as it's within a circular import. Reloading page to reset the execution order. To debug and break the circular import, you can run `vite --debug hmr` to log the circular dependency path if a file change triggered it. @ http://localhost:5213/@vite/client:817
[  625561ms] [ERROR] [vite] Failed to reload /@fs/Users/develop/wfh/stern-bak/packages/react-grid/grid/dist/customizer/modules/bulk-update/BulkUpdateToolbarBody.js. This could be due to syntax errors or importing non-existent modules. (see errors above) @ http://localhost:5213/@vite/client:808
[  625561ms] [ERROR] [vite] Failed to reload /@fs/Users/develop/wfh/stern-bak/packages/react-grid/grid/dist/widget/PrimaryToolbarOverflowMenu.js. This could be due to syntax errors or importing non-existent modules. (see errors above) @ http://localhost:5213/@vite/client:808
[  625561ms] [ERROR] [vite] Failed to reload /@fs/Users/develop/wfh/stern-bak/packages/react-grid/grid/dist/widget/HelpPanel.js. This could be due to syntax errors or importing non-existent modules. (see errors above) @ http://localhost:5213/@vite/client:808
[  625561ms] [ERROR] [vite] Failed to reload /@fs/Users/develop/wfh/stern-bak/packages/react-grid/grid/dist/widget/formatter/modules/ModuleClear.js. This could be due to syntax errors or importing non-existent modules. (see errors above) @ http://localhost:5213/@vite/client:808
[  625561ms] [INFO] [hmr] /@fs/Users/develop/wfh/stern-bak/packages/react-grid/grid/dist/customizer/modules/smart-edit/SmartEditToolbarBody.js failed to apply HMR as it's within a circular import. Reloading page to reset the execution order. To debug and break the circular import, you can run `vite --debug hmr` to log the circular dependency path if a file change triggered it. @ http://localhost:5213/@vite/client:817
[  625561ms] [ERROR] [vite] Failed to reload /@fs/Users/develop/wfh/stern-bak/packages/react-grid/grid/dist/customizer/modules/smart-edit/SmartEditToolbarBody.js. This could be due to syntax errors or importing non-existent modules. (see errors above) @ http://localhost:5213/@vite/client:808
[  625561ms] [INFO] [hmr] /@fs/Users/develop/wfh/stern-bak/packages/react-grid/grid/dist/widget/editingToolbar/EditingToolbarPrimitives.js failed to apply HMR as it's within a circular import. Reloading page to reset the execution order. To debug and break the circular import, you can run `vite --debug hmr` to log the circular dependency path if a file change triggered it. @ http://localhost:5213/@vite/client:817
[  625561ms] [ERROR] [vite] Failed to reload /@fs/Users/develop/wfh/stern-bak/packages/react-grid/grid/dist/widget/editingToolbar/EditingToolbarPrimitives.js. This could be due to syntax errors or importing non-existent modules. (see errors above) @ http://localhost:5213/@vite/client:808
[  625617ms] [ERROR] [vite] Failed to reload /@fs/Users/develop/wfh/stern-bak/packages/react-grid/widgets-react/dist/container/markets-grid-container/MarketsGridContainer.js. This could be due to syntax errors or importing non-existent modules. (see errors above) @ http://localhost:5213/@vite/client:808
[  625617ms] [ERROR] [vite] Failed to reload /@fs/Users/develop/wfh/stern-bak/packages/react-grid/widgets-react/dist/container/provider-editor/tabs/ColumnsTab.js. This could be due to syntax errors or importing non-existent modules. (see errors above) @ http://localhost:5213/@vite/client:808
[  625617ms] [ERROR] [vite] Failed to reload /@fs/Users/develop/wfh/stern-bak/packages/react-grid/grid/dist/widget/SettingsSheet.js. This could be due to syntax errors or importing non-existent modules. (see errors above) @ http://localhost:5213/@vite/client:808
[  625617ms] [ERROR] [vite] Failed to reload /@fs/Users/develop/wfh/stern-bak/packages/react-grid/grid/dist/widget/FiltersToolbar.js. This could be due to syntax errors or importing non-existent modules. (see errors above) @ http://localhost:5213/@vite/client:808
[  625617ms] [ERROR] [vite] Failed to reload /@fs/Users/develop/wfh/stern-bak/packages/react-grid/grid/dist/widget/FormattingToolbar.js. This could be due to syntax errors or importing non-existent modules. (see errors above) @ http://localhost:5213/@vite/client:808
[  625617ms] [ERROR] [vite] Failed to reload /@fs/Users/develop/wfh/stern-bak/packages/react-grid/grid/dist/widget/HelpPanel.js. This could be due to syntax errors or importing non-existent modules. (see errors above) @ http://localhost:5213/@vite/client:808
[  625618ms] [ERROR] [vite] Failed to reload /@fs/Users/develop/wfh/stern-bak/packages/react-grid/grid/dist/widget/MarketsGrid.js. This could be due to syntax errors or importing non-existent modules. (see errors above) @ http://localhost:5213/@vite/client:808
[  625618ms] [ERROR] [vite] Failed to reload /@fs/Users/develop/wfh/stern-bak/packages/react-grid/grid/dist/widget/DraggableFloat.js. This could be due to syntax errors or importing non-existent modules. (see errors above) @ http://localhost:5213/@vite/client:808
[  625618ms] [ERROR] [vite] Failed to reload /@fs/Users/develop/wfh/stern-bak/packages/react-grid/grid/dist/widget/ProfileSelector.js. This could be due to syntax errors or importing non-existent modules. (see errors above) @ http://localhost:5213/@vite/client:808
[  625618ms] [ERROR] [vite] Failed to reload /@fs/Users/develop/wfh/stern-bak/packages/react-grid/grid/dist/widget/UnsavedSwitchDialog.js. This could be due to syntax errors or importing non-existent modules. (see errors above) @ http://localhost:5213/@vite/client:808
[  625618ms] [ERROR] [vite] Failed to reload /@fs/Users/develop/wfh/stern-bak/packages/react-grid/grid/dist/widget/help/Overview.js. This could be due to syntax errors or importing non-existent modules. (see errors above) @ http://localhost:5213/@vite/client:808
[  625618ms] [INFO] [hmr] /@fs/Users/develop/wfh/stern-bak/packages/react-grid/grid/dist/widget/editingToolbar/EditingToolbarPrimitives.js failed to apply HMR as it's within a circular import. Reloading page to reset the execution order. To debug and break the circular import, you can run `vite --debug hmr` to log the circular dependency path if a file change triggered it. @ http://localhost:5213/@vite/client:817
[  625618ms] [ERROR] [vite] Failed to reload /@fs/Users/develop/wfh/stern-bak/packages/react-grid/grid/dist/widget/editingToolbar/EditingToolbarPrimitives.js. This could be due to syntax errors or importing non-existent modules. (see errors above) @ http://localhost:5213/@vite/client:808
[  625618ms] [ERROR] [vite] Failed to reload /@fs/Users/develop/wfh/stern-bak/packages/react-grid/grid/dist/widget/formatter/modules/ModuleFormat.js. This could be due to syntax errors or importing non-existent modules. (see errors above) @ http://localhost:5213/@vite/client:808
[  625618ms] [ERROR] [vite] Failed to reload /@fs/Users/develop/wfh/stern-bak/packages/react-grid/grid/dist/widget/formatter/modules/ModuleContext.js. This could be due to syntax errors or importing non-existent modules. (see errors above) @ http://localhost:5213/@vite/client:808
[  625618ms] [ERROR] [vite] Failed to reload /@fs/Users/develop/wfh/stern-bak/packages/react-grid/grid/dist/widget/formatter/modules/ModuleEditorFilter.js. This could be due to syntax errors or importing non-existent modules. (see errors above) @ http://localhost:5213/@vite/client:808
[  625618ms] [INFO] [hmr] /@fs/Users/develop/wfh/stern-bak/packages/react-grid/grid/dist/widget/formatter/primitives.js failed to apply HMR as it's within a circular import. Reloading page to reset the execution order. To debug and break the circular import, you can run `vite --debug hmr` to log the circular dependency path if a file change triggered it. @ http://localhost:5213/@vite/client:817
[  625618ms] [ERROR] [vite] Failed to reload /@fs/Users/develop/wfh/stern-bak/packages/react-grid/grid/dist/widget/formatter/primitives.js. This could be due to syntax errors or importing non-existent modules. (see errors above) @ http://localhost:5213/@vite/client:808
[  625618ms] [ERROR] [vite] Failed to reload /@fs/Users/develop/wfh/stern-bak/packages/react-grid/grid/dist/widget/formatter/modules/ModuleLibrary.js. This could be due to syntax errors or importing non-existent modules. (see errors above) @ http://localhost:5213/@vite/client:808
[  625618ms] [ERROR] [vite] Failed to reload /@fs/Users/develop/wfh/stern-bak/packages/react-grid/grid/dist/widget/formatter/modules/ModuleClear.js. This could be due to syntax errors or importing non-existent modules. (see errors above) @ http://localhost:5213/@vite/client:808
[  625618ms] [ERROR] [vite] Failed to reload /@fs/Users/develop/wfh/stern-bak/packages/react-grid/grid/dist/widget/EditableCaption.js. This could be due to syntax errors or importing non-existent modules. (see errors above) @ http://localhost:5213/@vite/client:808
[  625618ms] [ERROR] [vite] Failed to reload /@fs/Users/develop/wfh/stern-bak/packages/react-grid/grid/dist/widget/PrimaryToolbarOverflowMenu.js. This could be due to syntax errors or importing non-existent modules. (see errors above) @ http://localhost:5213/@vite/client:808
[  625618ms] [ERROR] [vite] Failed to reload /@fs/Users/develop/wfh/stern-bak/packages/react-grid/grid/dist/widget/formatter/modules/ModulePaint.js. This could be due to syntax errors or importing non-existent modules. (see errors above) @ http://localhost:5213/@vite/client:808
[  625618ms] [ERROR] [vite] Failed to reload /@fs/Users/develop/wfh/stern-bak/packages/react-grid/grid/dist/widget/help/EmojiGrid.js. This could be due to syntax errors or importing non-existent modules. (see errors above) @ http://localhost:5213/@vite/client:808
[  625618ms] [ERROR] [vite] Failed to reload /@fs/Users/develop/wfh/stern-bak/packages/react-grid/grid/dist/widget/TemplateManager.js. This could be due to syntax errors or importing non-existent modules. (see errors above) @ http://localhost:5213/@vite/client:808
[  625618ms] [ERROR] [vite] Failed to reload /@fs/Users/develop/wfh/stern-bak/packages/react-grid/grid/dist/widget/GridInfoButton.js. This could be due to syntax errors or importing non-existent modules. (see errors above) @ http://localhost:5213/@vite/client:808
[  625619ms] [ERROR] [vite] Failed to reload /@fs/Users/develop/wfh/stern-bak/packages/react-grid/grid/dist/widget/AdminActionButtons.js. This could be due to syntax errors or importing non-existent modules. (see errors above) @ http://localhost:5213/@vite/client:808
[  625619ms] [ERROR] [vite] Failed to reload /@fs/Users/develop/wfh/stern-bak/packages/react-grid/grid/dist/widget/MarketsGridHost.js. This could be due to syntax errors or importing non-existent modules. (see errors above) @ http://localhost:5213/@vite/client:808
[  625620ms] [ERROR] [vite] Failed to reload /@fs/Users/develop/wfh/stern-bak/packages/react-grid/grid/dist/widget/ViewMenu.js. This could be due to syntax errors or importing non-existent modules. (see errors above) @ http://localhost:5213/@vite/client:808
[  625624ms] [ERROR] [vite] Failed to reload /@fs/Users/develop/wfh/stern-bak/packages/react-grid/widgets-react/dist/container/provider-editor/transports/AppDataFields.js. This could be due to syntax errors or importing non-existent modules. (see errors above) @ http://localhost:5213/@vite/client:808
[  625624ms] [ERROR] [vite] Failed to reload /src/App.tsx. This could be due to syntax errors or importing non-existent modules. (see errors above) @ http://localhost:5213/@vite/client:808
[  625625ms] [ERROR] [vite] Failed to reload /@fs/Users/develop/wfh/stern-bak/packages/react-grid/widgets-react/dist/hosted/HostedMarketsGrid.js. This could be due to syntax errors or importing non-existent modules. (see errors above) @ http://localhost:5213/@vite/client:808
[  625627ms] [ERROR] [vite] Failed to reload /@fs/Users/develop/wfh/stern-bak/packages/react-grid/grid/dist/widget/PrimaryToolbar.js. This could be due to syntax errors or importing non-existent modules. (see errors above) @ http://localhost:5213/@vite/client:808
[  625784ms] [ERROR] Failed to load resource: the server responded with a status of 404 (Not Found) @ http://localhost:5213/@fs/Users/develop/wfh/stern-bak/packages/design-system/icons-svg/dist/allIcons.js?t=1785693191586:0
[  627052ms] [ERROR] Failed to load resource: the server responded with a status of 404 (Not Found) @ http://localhost:5213/@fs/Users/develop/wfh/stern-bak/packages/design-system/icons-svg/dist/allIcons.js?t=1785693191586:0
[  628970ms] [ERROR] Failed to load resource: the server responded with a status of 404 (Not Found) @ http://localhost:5213/@fs/Users/develop/wfh/stern-bak/packages/design-system/icons-svg/dist/allIcons.js?t=1785693191586:0
[  629680ms] [ERROR] Failed to load resource: the server responded with a status of 404 (Not Found) @ http://localhost:5213/@fs/Users/develop/wfh/stern-bak/packages/openfin/host-openfin/dist/index.js?t=1785693200143:0
[  630315ms] [ERROR] Failed to load resource: the server responded with a status of 404 (Not Found) @ http://localhost:5213/@fs/Users/develop/wfh/stern-bak/packages/openfin/openfin-platform/dist/configOnly.js?t=1785693200151:0
[  631413ms] [INFO] %cDownload the React DevTools for a better development experience: https://react.dev/link/react-devtools font-weight:bold @ http://localhost:5213/node_modules/.vite/deps/react-dom_client.js?v=2a1d275e:20102
[  631522ms] [LOG] ConfigManager initialized (mode: local) @ http://localhost:5213/@fs/Users/develop/wfh/stern-bak/packages/core/host-config/dist/ConfigManager.js?t=1785693187897:382
[  631582ms] [LOG] [markets-grid] gridId=%s mode=%s providerId=%s providerName=%s stomp-blotter live (none) (none) @ http://localhost:5213/@fs/Users/develop/wfh/stern-bak/packages/react-grid/widgets-react/dist/container/markets-grid-container/MarketsGridContainer.js?t=1785693202434:272
[  631583ms] [LOG] [markets-grid] gridId=%s mode=%s providerId=%s providerName=%s stomp-blotter live (none) (none) @ http://localhost:5213/@fs/Users/develop/wfh/stern-bak/packages/react-grid/widgets-react/dist/container/markets-grid-container/MarketsGridContainer.js?t=1785693202434:272
[  631615ms] [ERROR] **************************************************************************************************************************** @ http://localhost:5213/node_modules/.vite/deps/ag-grid-enterprise.js?v=2a1d275e:887
[  631615ms] [ERROR] ************************************************ AG Grid Enterprise License ************************************************ @ http://localhost:5213/node_modules/.vite/deps/ag-grid-enterprise.js?v=2a1d275e:887
[  631615ms] [ERROR] ************************************************** License Key Not Found *************************************************** @ http://localhost:5213/node_modules/.vite/deps/ag-grid-enterprise.js?v=2a1d275e:887
[  631615ms] [ERROR] * All AG Grid Enterprise features are unlocked for trial.                                                                  * @ http://localhost:5213/node_modules/.vite/deps/ag-grid-enterprise.js?v=2a1d275e:890
[  631616ms] [ERROR] * If you want to hide the watermark please email info@ag-grid.com for a trial license key.                                 * @ http://localhost:5213/node_modules/.vite/deps/ag-grid-enterprise.js?v=2a1d275e:890
[  631616ms] [ERROR] **************************************************************************************************************************** @ http://localhost:5213/node_modules/.vite/deps/ag-grid-enterprise.js?v=2a1d275e:887
[  631616ms] [ERROR] **************************************************************************************************************************** @ http://localhost:5213/node_modules/.vite/deps/ag-grid-enterprise.js?v=2a1d275e:887
[  631626ms] [LOG] [v2/markets-grid] gridLevelData: load → adapter.loadGridLevelData(%s) stomp-blotter @ http://localhost:5213/@fs/Users/develop/wfh/stern-bak/packages/react-grid/grid/dist/widget/useMarketsGridController.js?t=1785693201277:61
[  631627ms] [LOG] [markets-grid] gridId=%s mode=%s providerId=%s providerName=%s stomp-blotter live stomp-marketsgrid-minimal:positions-live (none) @ http://localhost:5213/@fs/Users/develop/wfh/stern-bak/packages/react-grid/widgets-react/dist/container/markets-grid-container/MarketsGridContainer.js?t=1785693202434:272
[  631628ms] [ERROR] **************************************************************************************************************************** @ http://localhost:5213/node_modules/.vite/deps/ag-grid-enterprise.js?v=2a1d275e:887
[  631628ms] [ERROR] ************************************************ AG Grid Enterprise License ************************************************ @ http://localhost:5213/node_modules/.vite/deps/ag-grid-enterprise.js?v=2a1d275e:887
[  631628ms] [ERROR] ************************************************** License Key Not Found *************************************************** @ http://localhost:5213/node_modules/.vite/deps/ag-grid-enterprise.js?v=2a1d275e:887
[  631628ms] [ERROR] * All AG Grid Enterprise features are unlocked for trial.                                                                  * @ http://localhost:5213/node_modules/.vite/deps/ag-grid-enterprise.js?v=2a1d275e:890
[  631629ms] [ERROR] * If you want to hide the watermark please email info@ag-grid.com for a trial license key.                                 * @ http://localhost:5213/node_modules/.vite/deps/ag-grid-enterprise.js?v=2a1d275e:890
[  631629ms] [ERROR] **************************************************************************************************************************** @ http://localhost:5213/node_modules/.vite/deps/ag-grid-enterprise.js?v=2a1d275e:887
[  631629ms] [ERROR] **************************************************************************************************************************** @ http://localhost:5213/node_modules/.vite/deps/ag-grid-enterprise.js?v=2a1d275e:887
[  631662ms] [ERROR] **************************************************************************************************************************** @ http://localhost:5213/node_modules/.vite/deps/ag-grid-enterprise.js?v=2a1d275e:887
[  631663ms] [ERROR] ************************************************ AG Grid Enterprise License ************************************************ @ http://localhost:5213/node_modules/.vite/deps/ag-grid-enterprise.js?v=2a1d275e:887
[  631663ms] [ERROR] ************************************************** License Key Not Found *************************************************** @ http://localhost:5213/node_modules/.vite/deps/ag-grid-enterprise.js?v=2a1d275e:887
[  631663ms] [ERROR] * All AG Grid Enterprise features are unlocked for trial.                                                                  * @ http://localhost:5213/node_modules/.vite/deps/ag-grid-enterprise.js?v=2a1d275e:890
[  631663ms] [ERROR] * If you want to hide the watermark please email info@ag-grid.com for a trial license key.                                 * @ http://localhost:5213/node_modules/.vite/deps/ag-grid-enterprise.js?v=2a1d275e:890
[  631663ms] [ERROR] **************************************************************************************************************************** @ http://localhost:5213/node_modules/.vite/deps/ag-grid-enterprise.js?v=2a1d275e:887
[  631663ms] [ERROR] **************************************************************************************************************************** @ http://localhost:5213/node_modules/.vite/deps/ag-grid-enterprise.js?v=2a1d275e:887
[  631670ms] [LOG] [v2/markets-grid] gridLevelData: load → adapter.loadGridLevelData(%s) stomp-blotter @ http://localhost:5213/@fs/Users/develop/wfh/stern-bak/packages/react-grid/grid/dist/widget/useMarketsGridController.js?t=1785693201277:61
[  631670ms] [LOG] [markets-grid] gridId=%s mode=%s providerId=%s providerName=%s stomp-blotter live stomp-marketsgrid-minimal:positions-live STOMP Positions @ http://localhost:5213/@fs/Users/develop/wfh/stern-bak/packages/react-grid/widgets-react/dist/container/markets-grid-container/MarketsGridContainer.js?t=1785693202434:272
[  631671ms] [ERROR] **************************************************************************************************************************** @ http://localhost:5213/node_modules/.vite/deps/ag-grid-enterprise.js?v=2a1d275e:887
[  631671ms] [ERROR] ************************************************ AG Grid Enterprise License ************************************************ @ http://localhost:5213/node_modules/.vite/deps/ag-grid-enterprise.js?v=2a1d275e:887
[  631671ms] [ERROR] ************************************************** License Key Not Found *************************************************** @ http://localhost:5213/node_modules/.vite/deps/ag-grid-enterprise.js?v=2a1d275e:887
[  631671ms] [ERROR] * All AG Grid Enterprise features are unlocked for trial.                                                                  * @ http://localhost:5213/node_modules/.vite/deps/ag-grid-enterprise.js?v=2a1d275e:890
[  631671ms] [ERROR] * If you want to hide the watermark please email info@ag-grid.com for a trial license key.                                 * @ http://localhost:5213/node_modules/.vite/deps/ag-grid-enterprise.js?v=2a1d275e:890
[  631671ms] [ERROR] **************************************************************************************************************************** @ http://localhost:5213/node_modules/.vite/deps/ag-grid-enterprise.js?v=2a1d275e:887
[  631672ms] [ERROR] **************************************************************************************************************************** @ http://localhost:5213/node_modules/.vite/deps/ag-grid-enterprise.js?v=2a1d275e:887
[  631727ms] [ERROR] Failed to load resource: the server responded with a status of 404 (Not Found) @ http://localhost:5213/@fs/Users/develop/wfh/stern-bak/packages/react-core/ui/dist/index.js?t=1785693203207:0
[  631803ms] [ERROR] [vite] Failed to reload /@fs/Users/develop/wfh/stern-bak/packages/react-grid/widgets-react/dist/container/markets-grid-container/ConfigBrowserDialog.js. This could be due to syntax errors or importing non-existent modules. (see errors above) @ http://localhost:5213/@vite/client:808
[  631803ms] [ERROR] [vite] Failed to reload /@fs/Users/develop/wfh/stern-bak/packages/react-grid/widgets-react/dist/container/markets-grid-container/MarketsGridContainer.js. This could be due to syntax errors or importing non-existent modules. (see errors above) @ http://localhost:5213/@vite/client:808
[  631803ms] [ERROR] [vite] Failed to reload /@fs/Users/develop/wfh/stern-bak/packages/react-core/host-data-react/dist/runtime/HubInspectorVirtualSection.js. This could be due to syntax errors or importing non-existent modules. (see errors above) @ http://localhost:5213/@vite/client:808
[  631803ms] [ERROR] [vite] Failed to reload /@fs/Users/develop/wfh/stern-bak/packages/react-grid/widgets-react/dist/container/markets-grid-container/DatePicker.js. This could be due to syntax errors or importing non-existent modules. (see errors above) @ http://localhost:5213/@vite/client:808
[  631803ms] [ERROR] [vite] Failed to reload /@fs/Users/develop/wfh/stern-bak/packages/react-core/host-data-react/dist/runtime/HubInspectorDrawer.js. This could be due to syntax errors or importing non-existent modules. (see errors above) @ http://localhost:5213/@vite/client:808
[  631803ms] [ERROR] [vite] Failed to reload /@fs/Users/develop/wfh/stern-bak/packages/react-grid/widgets-react/dist/container/provider-editor/tabs/ColumnsTab.js. This could be due to syntax errors or importing non-existent modules. (see errors above) @ http://localhost:5213/@vite/client:808
[  631803ms] [ERROR] [vite] Failed to reload /@fs/Users/develop/wfh/stern-bak/packages/react-grid/grid/dist/widget/MarketsGridHost.js. This could be due to syntax errors or importing non-existent modules. (see errors above) @ http://localhost:5213/@vite/client:808
[  631803ms] [INFO] [hmr] /@fs/Users/develop/wfh/stern-bak/packages/react-grid/grid/dist/widget/editingToolbar/EditingToolbarPrimitives.js failed to apply HMR as it's within a circular import. Reloading page to reset the execution order. To debug and break the circular import, you can run `vite --debug hmr` to log the circular dependency path if a file change triggered it. @ http://localhost:5213/@vite/client:817
[  631803ms] [ERROR] [vite] Failed to reload /@fs/Users/develop/wfh/stern-bak/packages/react-grid/grid/dist/widget/editingToolbar/EditingToolbarPrimitives.js. This could be due to syntax errors or importing non-existent modules. (see errors above) @ http://localhost:5213/@vite/client:808
[  631803ms] [ERROR] [vite] Failed to reload /@fs/Users/develop/wfh/stern-bak/packages/react-grid/grid/dist/widget/formatter/modules/ModuleClear.js. This could be due to syntax errors or importing non-existent modules. (see errors above) @ http://localhost:5213/@vite/client:808
[  631804ms] [ERROR] [vite] Failed to reload /@fs/Users/develop/wfh/stern-bak/packages/react-grid/grid/dist/widget/formatter/modules/ModuleContext.js. This could be due to syntax errors or importing non-existent modules. (see errors above) @ http://localhost:5213/@vite/client:808
[  631804ms] [INFO] [hmr] /@fs/Users/develop/wfh/stern-bak/packages/react-grid/grid/dist/widget/formatter/primitives.js failed to apply HMR as it's within a circular import. Reloading page to reset the execution order. To debug and break the circular import, you can run `vite --debug hmr` to log the circular dependency path if a file change triggered it. @ http://localhost:5213/@vite/client:817
[  631804ms] [ERROR] [vite] Failed to reload /@fs/Users/develop/wfh/stern-bak/packages/react-grid/grid/dist/widget/formatter/primitives.js. This could be due to syntax errors or importing non-existent modules. (see errors above) @ http://localhost:5213/@vite/client:808
[  631804ms] [ERROR] [vite] Failed to reload /@fs/Users/develop/wfh/stern-bak/packages/react-grid/grid/dist/widget/PrimaryToolbarOverflowMenu.js. This could be due to syntax errors or importing non-existent modules. (see errors above) @ http://localhost:5213/@vite/client:808
[  631804ms] [ERROR] [vite] Failed to reload /@fs/Users/develop/wfh/stern-bak/packages/react-grid/grid/dist/widget/TemplateManager.js. This could be due to syntax errors or importing non-existent modules. (see errors above) @ http://localhost:5213/@vite/client:808
[  631804ms] [ERROR] [vite] Failed to reload /@fs/Users/develop/wfh/stern-bak/packages/react-grid/grid/dist/customizer/ui/GhostIconButton.js. This could be due to syntax errors or importing non-existent modules. (see errors above) @ http://localhost:5213/@vite/client:808
[  631804ms] [ERROR] [vite] Failed to reload /@fs/Users/develop/wfh/stern-bak/packages/react-grid/grid/dist/customizer/ui/GridColorPickerPopover.js. This could be due to syntax errors or importing non-existent modules. (see errors above) @ http://localhost:5213/@vite/client:808
[  631804ms] [ERROR] [vite] Failed to reload /@fs/Users/develop/wfh/stern-bak/packages/react-grid/grid/dist/customizer/ui/PopoverCompat.js. This could be due to syntax errors or importing non-existent modules. (see errors above) @ http://localhost:5213/@vite/client:808
[  631804ms] [ERROR] [vite] Failed to reload /@fs/Users/develop/wfh/stern-bak/packages/react-grid/grid/dist/customizer/ui/format-editor/FormatPopover.js. This could be due to syntax errors or importing non-existent modules. (see errors above) @ http://localhost:5213/@vite/client:808
[  631804ms] [ERROR] [vite] Failed to reload /@fs/Users/develop/wfh/stern-bak/packages/react-grid/grid/dist/customizer/ui/format-editor/FormatDropdown.js. This could be due to syntax errors or importing non-existent modules. (see errors above) @ http://localhost:5213/@vite/client:808
[  631804ms] [ERROR] [vite] Failed to reload /@fs/Users/develop/wfh/stern-bak/packages/react-grid/grid/dist/customizer/ui/ChromeButton.js. This could be due to syntax errors or importing non-existent modules. (see errors above) @ http://localhost:5213/@vite/client:808
[  631804ms] [ERROR] [vite] Failed to reload /@fs/Users/develop/wfh/stern-bak/packages/react-grid/grid/dist/customizer/ui/HoverTooltip.js. This could be due to syntax errors or importing non-existent modules. (see errors above) @ http://localhost:5213/@vite/client:808
[  631804ms] [ERROR] [vite] Failed to reload /@fs/Users/develop/wfh/stern-bak/packages/react-grid/grid/dist/customizer/ui/NativeOptionsSelect.js. This could be due to syntax errors or importing non-existent modules. (see errors above) @ http://localhost:5213/@vite/client:808
[  631804ms] [ERROR] [vite] Failed to reload /@fs/Users/develop/wfh/stern-bak/packages/react-grid/config-browser/dist/ConfigBrowser.js. This could be due to syntax errors or importing non-existent modules. (see errors above) @ http://localhost:5213/@vite/client:808
[  631804ms] [ERROR] [vite] Failed to reload /@fs/Users/develop/wfh/stern-bak/packages/react-grid/widgets-react/dist/container/provider-editor/EditorForm.js. This could be due to syntax errors or importing non-existent modules. (see errors above) @ http://localhost:5213/@vite/client:808
[  631804ms] [ERROR] [vite] Failed to reload /@fs/Users/develop/wfh/stern-bak/packages/react-grid/grid/dist/customizer/ui/SettingsPanel/TitleInput.js. This could be due to syntax errors or importing non-existent modules. (see errors above) @ http://localhost:5213/@vite/client:808
[  631804ms] [ERROR] [vite] Failed to reload /@fs/Users/develop/wfh/stern-bak/packages/react-grid/grid/dist/customizer/ui/SettingsPanel/IconInput.js. This could be due to syntax errors or importing non-existent modules. (see errors above) @ http://localhost:5213/@vite/client:808
[  631804ms] [ERROR] [vite] Failed to reload /@fs/Users/develop/wfh/stern-bak/packages/react-grid/grid/dist/customizer/ui/SettingsPanel/SummaryChip.js. This could be due to syntax errors or importing non-existent modules. (see errors above) @ http://localhost:5213/@vite/client:808
[  631804ms] [ERROR] [vite] Failed to reload /@fs/Users/develop/wfh/stern-bak/packages/react-grid/grid/dist/customizer/ui/SettingsPanel/Cockpit.js. This could be due to syntax errors or importing non-existent modules. (see errors above) @ http://localhost:5213/@vite/client:808
[  631804ms] [ERROR] [vite] Failed to reload /@fs/Users/develop/wfh/stern-bak/packages/react-grid/grid/dist/customizer/ui/SettingsPanel/SettingsRow.js. This could be due to syntax errors or importing non-existent modules. (see errors above) @ http://localhost:5213/@vite/client:808
[  631805ms] [ERROR] [vite] Failed to reload /@fs/Users/develop/wfh/stern-bak/packages/react-grid/grid/dist/customizer/ui/SettingsPanel/CockpitList.js. This could be due to syntax errors or importing non-existent modules. (see errors above) @ http://localhost:5213/@vite/client:808
[  631805ms] [ERROR] [vite] Failed to reload /@fs/Users/develop/wfh/stern-bak/packages/react-grid/grid/dist/customizer/ui/format-editor/FormatColorPicker.js. This could be due to syntax errors or importing non-existent modules. (see errors above) @ http://localhost:5213/@vite/client:808
[  631805ms] [ERROR] [vite] Failed to reload /@fs/Users/develop/wfh/stern-bak/packages/react-grid/grid/dist/customizer/ui/ColorPicker/CompactColorField.js. This could be due to syntax errors or importing non-existent modules. (see errors above) @ http://localhost:5213/@vite/client:808
[  631805ms] [ERROR] [vite] Failed to reload /@fs/Users/develop/wfh/stern-bak/packages/react-grid/grid/dist/customizer/modules/alerts/AlertsBadge.js. This could be due to syntax errors or importing non-existent modules. (see errors above) @ http://localhost:5213/@vite/client:808
[  631805ms] [ERROR] [vite] Failed to reload /@fs/Users/develop/wfh/stern-bak/packages/react-grid/grid/dist/customizer/modules/general-settings/GridOptionsPanel.js. This could be due to syntax errors or importing non-existent modules. (see errors above) @ http://localhost:5213/@vite/client:808
[  631805ms] [INFO] [hmr] /@fs/Users/develop/wfh/stern-bak/packages/react-grid/grid/dist/customizer/modules/bulk-update/BulkUpdateToolbarBody.js failed to apply HMR as it's within a circular import. Reloading page to reset the execution order. To debug and break the circular import, you can run `vite --debug hmr` to log the circular dependency path if a file change triggered it. @ http://localhost:5213/@vite/client:817
[  631805ms] [ERROR] [vite] Failed to reload /@fs/Users/develop/wfh/stern-bak/packages/react-grid/grid/dist/customizer/modules/bulk-update/BulkUpdateToolbarBody.js. This could be due to syntax errors or importing non-existent modules. (see errors above) @ http://localhost:5213/@vite/client:808
[  631805ms] [ERROR] [vite] Failed to reload /@fs/Users/develop/wfh/stern-bak/packages/react-grid/grid/dist/widget/PrimaryToolbar.js. This could be due to syntax errors or importing non-existent modules. (see errors above) @ http://localhost:5213/@vite/client:808
[  631805ms] [INFO] [hmr] /@fs/Users/develop/wfh/stern-bak/packages/react-grid/grid/dist/customizer/modules/data-change-history/EditHistoryToolbarBody.js failed to apply HMR as it's within a circular import. Reloading page to reset the execution order. To debug and break the circular import, you can run `vite --debug hmr` to log the circular dependency path if a file change triggered it. @ http://localhost:5213/@vite/client:817
[  631805ms] [ERROR] [vite] Failed to reload /@fs/Users/develop/wfh/stern-bak/packages/react-grid/grid/dist/customizer/modules/data-change-history/EditHistoryToolbarBody.js. This could be due to syntax errors or importing non-existent modules. (see errors above) @ http://localhost:5213/@vite/client:808
[  631805ms] [ERROR] [vite] Failed to reload /@fs/Users/develop/wfh/stern-bak/packages/react-grid/grid/dist/customizer/modules/alerts/AlertsPanel.js. This could be due to syntax errors or importing non-existent modules. (see errors above) @ http://localhost:5213/@vite/client:808
[  631805ms] [ERROR] [vite] Failed to reload /@fs/Users/develop/wfh/stern-bak/packages/react-grid/grid/dist/customizer/modules/shortcuts/ShortcutsPanel.js. This could be due to syntax errors or importing non-existent modules. (see errors above) @ http://localhost:5213/@vite/client:808
[  631805ms] [ERROR] [vite] Failed to reload /@fs/Users/develop/wfh/stern-bak/packages/react-grid/grid/dist/customizer/modules/toolbar-date-settings/ToolbarDateSettingsPanel.js. This could be due to syntax errors or importing non-existent modules. (see errors above) @ http://localhost:5213/@vite/client:808
[  631805ms] [ERROR] [vite] Failed to reload /@fs/Users/develop/wfh/stern-bak/packages/react-grid/grid/dist/customizer/modules/plus-minus/PlusMinusPanel.js. This could be due to syntax errors or importing non-existent modules. (see errors above) @ http://localhost:5213/@vite/client:808
[  631805ms] [INFO] [hmr] /@fs/Users/develop/wfh/stern-bak/packages/react-grid/grid/dist/customizer/modules/smart-edit/SmartEditToolbarBody.js failed to apply HMR as it's within a circular import. Reloading page to reset the execution order. To debug and break the circular import, you can run `vite --debug hmr` to log the circular dependency path if a file change triggered it. @ http://localhost:5213/@vite/client:817
[  631805ms] [ERROR] [vite] Failed to reload /@fs/Users/develop/wfh/stern-bak/packages/react-grid/grid/dist/customizer/modules/smart-edit/SmartEditToolbarBody.js. This could be due to syntax errors or importing non-existent modules. (see errors above) @ http://localhost:5213/@vite/client:808
[  631805ms] [ERROR] [vite] Failed to reload /@fs/Users/develop/wfh/stern-bak/packages/react-grid/config-browser/dist/components/TableSidebar.js. This could be due to syntax errors or importing non-existent modules. (see errors above) @ http://localhost:5213/@vite/client:808
[  631805ms] [ERROR] [vite] Failed to reload /@fs/Users/develop/wfh/stern-bak/packages/react-grid/grid/dist/customizer/modules/smart-edit/SmartEditPanel.js. This could be due to syntax errors or importing non-existent modules. (see errors above) @ http://localhost:5213/@vite/client:808
[  631805ms] [ERROR] [vite] Failed to reload /@fs/Users/develop/wfh/stern-bak/packages/react-grid/config-browser/dist/components/DeleteAllDialog.js. This could be due to syntax errors or importing non-existent modules. (see errors above) @ http://localhost:5213/@vite/client:808
[  631805ms] [ERROR] [vite] Failed to reload /@fs/Users/develop/wfh/stern-bak/packages/react-grid/grid/dist/customizer/ui/StyleEditor/StyleEditor.js. This could be due to syntax errors or importing non-existent modules. (see errors above) @ http://localhost:5213/@vite/client:808
[  631805ms] [ERROR] [vite] Failed to reload /@fs/Users/develop/wfh/stern-bak/packages/react-grid/grid/dist/customizer/modules/column-groups/ColumnGroupsPanel.js. This could be due to syntax errors or importing non-existent modules. (see errors above) @ http://localhost:5213/@vite/client:808
[  631805ms] [ERROR] [vite] Failed to reload /@fs/Users/develop/wfh/stern-bak/packages/react-grid/config-browser/dist/components/ImportPreviewDialog.js. This could be due to syntax errors or importing non-existent modules. (see errors above) @ http://localhost:5213/@vite/client:808
[  631805ms] [ERROR] [vite] Failed to reload /@fs/Users/develop/wfh/stern-bak/packages/react-grid/config-browser/dist/components/RowDrawer.js. This could be due to syntax errors or importing non-existent modules. (see errors above) @ http://localhost:5213/@vite/client:808
[  631805ms] [ERROR] [vite] Failed to reload /@fs/Users/develop/wfh/stern-bak/packages/react-grid/widgets-react/dist/container/provider-editor/transports/BehaviourFields.js. This could be due to syntax errors or importing non-existent modules. (see errors above) @ http://localhost:5213/@vite/client:808
[  631805ms] [ERROR] [vite] Failed to reload /@fs/Users/develop/wfh/stern-bak/packages/react-grid/config-browser/dist/components/DeployExportPreviewDialog.js. This could be due to syntax errors or importing non-existent modules. (see errors above) @ http://localhost:5213/@vite/client:808
[  631805ms] [ERROR] [vite] Failed to reload /@fs/Users/develop/wfh/stern-bak/packages/react-grid/config-browser/dist/components/Toolbar.js. This could be due to syntax errors or importing non-existent modules. (see errors above) @ http://localhost:5213/@vite/client:808
[  631805ms] [ERROR] [vite] Failed to reload /@fs/Users/develop/wfh/stern-bak/packages/react-grid/grid/dist/customizer/ui/ExpressionEditor/FallbackInput.js. This could be due to syntax errors or importing non-existent modules. (see errors above) @ http://localhost:5213/@vite/client:808
[  631805ms] [ERROR] [vite] Failed to reload /@fs/Users/develop/wfh/stern-bak/packages/react-grid/widgets-react/dist/container/provider-editor/tabs/FieldsTab.js. This could be due to syntax errors or importing non-existent modules. (see errors above) @ http://localhost:5213/@vite/client:808
[  631805ms] [ERROR] [vite] Failed to reload /@fs/Users/develop/wfh/stern-bak/packages/react-grid/widgets-react/dist/container/provider-editor/tabs/DiagnosticsTab.js. This could be due to syntax errors or importing non-existent modules. (see errors above) @ http://localhost:5213/@vite/client:808
[  631805ms] [ERROR] [vite] Failed to reload /@fs/Users/develop/wfh/stern-bak/packages/react-grid/config-browser/dist/components/ResetToSeedDialog.js. This could be due to syntax errors or importing non-existent modules. (see errors above) @ http://localhost:5213/@vite/client:808
[  631805ms] [ERROR] [vite] Failed to reload /@fs/Users/develop/wfh/stern-bak/packages/react-grid/grid/dist/customizer/ui/FormatterPicker/CompactFormatterPicker.js. This could be due to syntax errors or importing non-existent modules. (see errors above) @ http://localhost:5213/@vite/client:808
[  631805ms] [ERROR] [vite] Failed to reload /@fs/Users/develop/wfh/stern-bak/packages/react-grid/grid/dist/customizer/modules/conditional-styling/editor/RuleMetaStrip.js. This could be due to syntax errors or importing non-existent modules. (see errors above) @ http://localhost:5213/@vite/client:808
[  631805ms] [ERROR] [vite] Failed to reload /@fs/Users/develop/wfh/stern-bak/packages/react-grid/grid/dist/customizer/modules/column-customization/editors/LayoutBand.js. This could be due to syntax errors or importing non-existent modules. (see errors above) @ http://localhost:5213/@vite/client:808
[  631805ms] [ERROR] [vite] Failed to reload /@fs/Users/develop/wfh/stern-bak/packages/react-grid/grid/dist/customizer/modules/conditional-styling/editor/FlashBand.js. This could be due to syntax errors or importing non-existent modules. (see errors above) @ http://localhost:5213/@vite/client:808
[  631805ms] [ERROR] [vite] Failed to reload /@fs/Users/develop/wfh/stern-bak/packages/react-grid/grid/dist/customizer/modules/general-settings/fieldSchema.js. This could be due to syntax errors or importing non-existent modules. (see errors above) @ http://localhost:5213/@vite/client:808
[  631805ms] [ERROR] [vite] Failed to reload /@fs/Users/develop/wfh/stern-bak/packages/react-grid/grid/dist/customizer/modules/conditional-styling/editor/AnimateBand.js. This could be due to syntax errors or importing non-existent modules. (see errors above) @ http://localhost:5213/@vite/client:808
[  631805ms] [ERROR] [vite] Failed to reload /@fs/Users/develop/wfh/stern-bak/packages/react-grid/grid/dist/customizer/modules/column-customization/editors/FilterEditor.js. This could be due to syntax errors or importing non-existent modules. (see errors above) @ http://localhost:5213/@vite/client:808
[  631805ms] [ERROR] [vite] Failed to reload /@fs/Users/develop/wfh/stern-bak/packages/react-grid/grid/dist/customizer/modules/column-customization/editors/RowGroupingEditor.js. This could be due to syntax errors or importing non-existent modules. (see errors above) @ http://localhost:5213/@vite/client:808
[  631805ms] [ERROR] [vite] Failed to reload /@fs/Users/develop/wfh/stern-bak/packages/react-grid/grid/dist/customizer/modules/column-customization/editors/CellRendererBand.js. This could be due to syntax errors or importing non-existent modules. (see errors above) @ http://localhost:5213/@vite/client:808
[  631806ms] [ERROR] [vite] Failed to reload /@fs/Users/develop/wfh/stern-bak/packages/react-grid/grid/dist/customizer/modules/data-change-history/EditHistoryMonitor.js. This could be due to syntax errors or importing non-existent modules. (see errors above) @ http://localhost:5213/@vite/client:808
[  631806ms] [ERROR] [vite] Failed to reload /@fs/Users/develop/wfh/stern-bak/packages/react-grid/grid/dist/customizer/modules/toolbar-date-settings/ProviderGridHostSection.js. This could be due to syntax errors or importing non-existent modules. (see errors above) @ http://localhost:5213/@vite/client:808
[  631806ms] [ERROR] [vite] Failed to reload /@fs/Users/develop/wfh/stern-bak/packages/react-grid/config-browser/dist/components/EditorButton.js. This could be due to syntax errors or importing non-existent modules. (see errors above) @ http://localhost:5213/@vite/client:808
[  631806ms] [ERROR] [vite] Failed to reload /@fs/Users/develop/wfh/stern-bak/packages/react-grid/grid/dist/customizer/modules/toolbar-date-settings/GridEventBindingsSection.js. This could be due to syntax errors or importing non-existent modules. (see errors above) @ http://localhost:5213/@vite/client:808
[  631806ms] [ERROR] [vite] Failed to reload /@fs/Users/develop/wfh/stern-bak/packages/react-grid/widgets-react/dist/container/provider-editor/transports/StompFields.js. This could be due to syntax errors or importing non-existent modules. (see errors above) @ http://localhost:5213/@vite/client:808
[  631806ms] [ERROR] [vite] Failed to reload /@fs/Users/develop/wfh/stern-bak/packages/react-grid/widgets-react/dist/container/provider-editor/transports/MockFields.js. This could be due to syntax errors or importing non-existent modules. (see errors above) @ http://localhost:5213/@vite/client:808
[  631806ms] [ERROR] [vite] Failed to reload /@fs/Users/develop/wfh/stern-bak/packages/react-grid/grid/dist/widget/editingToolbar/EditingToolbarKeyboardMenu.js. This could be due to syntax errors or importing non-existent modules. (see errors above) @ http://localhost:5213/@vite/client:808
[  631806ms] [ERROR] [vite] Failed to reload /@fs/Users/develop/wfh/stern-bak/packages/react-grid/widgets-react/dist/container/provider-editor/transports/AppDataFields.js. This could be due to syntax errors or importing non-existent modules. (see errors above) @ http://localhost:5213/@vite/client:808
[  631806ms] [ERROR] [vite] Failed to reload /@fs/Users/develop/wfh/stern-bak/packages/react-grid/widgets-react/dist/container/provider-editor/transports/RestFields.js. This could be due to syntax errors or importing non-existent modules. (see errors above) @ http://localhost:5213/@vite/client:808
[  631806ms] [ERROR] [vite] Failed to reload /@fs/Users/develop/wfh/stern-bak/packages/react-grid/widgets-react/dist/container/provider-editor/MultiSelect.js. This could be due to syntax errors or importing non-existent modules. (see errors above) @ http://localhost:5213/@vite/client:808
[  631806ms] [ERROR] [vite] Failed to reload /@fs/Users/develop/wfh/stern-bak/packages/react-grid/grid/dist/widget/ToolbarDatePicker.js. This could be due to syntax errors or importing non-existent modules. (see errors above) @ http://localhost:5213/@vite/client:808
[  631806ms] [ERROR] [vite] Failed to reload /@fs/Users/develop/wfh/stern-bak/packages/react-grid/grid/dist/widget/QuickSearch.js. This could be due to syntax errors or importing non-existent modules. (see errors above) @ http://localhost:5213/@vite/client:808
[  631806ms] [ERROR] [vite] Failed to reload /@fs/Users/develop/wfh/stern-bak/packages/react-grid/grid/dist/widget/help/primitives.js. This could be due to syntax errors or importing non-existent modules. (see errors above) @ http://localhost:5213/@vite/client:808
[  631806ms] [ERROR] [vite] Failed to reload /@fs/Users/develop/wfh/stern-bak/packages/react-grid/grid/dist/customizer/modules/column-customization/CellRendererEditors/TrendArrowEditor.js. This could be due to syntax errors or importing non-existent modules. (see errors above) @ http://localhost:5213/@vite/client:808
[  631806ms] [ERROR] [vite] Failed to reload /@fs/Users/develop/wfh/stern-bak/packages/react-grid/grid/dist/widget/column-selector/ColumnSelectorDialog.js. This could be due to syntax errors or importing non-existent modules. (see errors above) @ http://localhost:5213/@vite/client:808
[  631806ms] [ERROR] [vite] Failed to reload /@fs/Users/develop/wfh/stern-bak/packages/react-grid/widgets-react/dist/container/provider-editor/KeyValueEditor.js. This could be due to syntax errors or importing non-existent modules. (see errors above) @ http://localhost:5213/@vite/client:808
[  631806ms] [ERROR] [vite] Failed to reload /@fs/Users/develop/wfh/stern-bak/packages/react-grid/grid/dist/widget/column-selector/ColumnList.js. This could be due to syntax errors or importing non-existent modules. (see errors above) @ http://localhost:5213/@vite/client:808
[  631806ms] [ERROR] [vite] Failed to reload /@fs/Users/develop/wfh/stern-bak/packages/react-grid/grid/dist/customizer/modules/column-customization/CellRendererEditors/PercentBarEditor.js. This could be due to syntax errors or importing non-existent modules. (see errors above) @ http://localhost:5213/@vite/client:808
[  631839ms] [LOG] [v2/markets-grid] handle delivered to onReady (gridApi alive — consumer can now subscribe) @ http://localhost:5213/@fs/Users/develop/wfh/stern-bak/packages/react-grid/grid/dist/widget/useMarketsGridController.js?t=1785693201277:187
[  631852ms] [ERROR] [vite] Failed to reload /@fs/Users/develop/wfh/stern-bak/packages/react-grid/grid/dist/customizer/modules/column-customization/CellRendererEditors/PillEditor.js. This could be due to syntax errors or importing non-existent modules. (see errors above) @ http://localhost:5213/@vite/client:808
[  631852ms] [ERROR] [vite] Failed to reload /@fs/Users/develop/wfh/stern-bak/packages/react-grid/grid/dist/customizer/modules/column-customization/CellRendererEditors/CountryFlagEditor.js. This could be due to syntax errors or importing non-existent modules. (see errors above) @ http://localhost:5213/@vite/client:808
[  631852ms] [ERROR] [vite] Failed to reload /@fs/Users/develop/wfh/stern-bak/packages/react-grid/grid/dist/customizer/modules/column-customization/CellRendererEditors/SparklineEditor.js. This could be due to syntax errors or importing non-existent modules. (see errors above) @ http://localhost:5213/@vite/client:808
[  631852ms] [ERROR] [vite] Failed to reload /@fs/Users/develop/wfh/stern-bak/packages/react-grid/grid/dist/customizer/modules/column-customization/CellRendererEditors/MultiLineEditor.js. This could be due to syntax errors or importing non-existent modules. (see errors above) @ http://localhost:5213/@vite/client:808
[  631852ms] [ERROR] [vite] Failed to reload /@fs/Users/develop/wfh/stern-bak/packages/react-grid/grid/dist/customizer/modules/column-customization/CellRendererEditors/TimeSinceEditor.js. This could be due to syntax errors or importing non-existent modules. (see errors above) @ http://localhost:5213/@vite/client:808
[  631852ms] [ERROR] [vite] Failed to reload /@fs/Users/develop/wfh/stern-bak/packages/react-grid/grid/dist/customizer/modules/column-customization/CellRendererEditors/IconTextEditor.js. This could be due to syntax errors or importing non-existent modules. (see errors above) @ http://localhost:5213/@vite/client:808
[  631853ms] [ERROR] [vite] Failed to reload /@fs/Users/develop/wfh/stern-bak/packages/react-grid/grid/dist/customizer/modules/column-customization/CellRendererEditors/AllocationBarEditor.js. This could be due to syntax errors or importing non-existent modules. (see errors above) @ http://localhost:5213/@vite/client:808
[  631853ms] [ERROR] [vite] Failed to reload /@fs/Users/develop/wfh/stern-bak/packages/react-grid/grid/dist/widget/MarketsGrid.js. This could be due to syntax errors or importing non-existent modules. (see errors above) @ http://localhost:5213/@vite/client:808
[  631853ms] [ERROR] [vite] Failed to reload /@fs/Users/develop/wfh/stern-bak/packages/react-grid/grid/dist/customizer/modules/column-customization/CellRendererEditors/HeatmapEditor.js. This could be due to syntax errors or importing non-existent modules. (see errors above) @ http://localhost:5213/@vite/client:808
[  631853ms] [ERROR] [vite] Failed to reload /@fs/Users/develop/wfh/stern-bak/packages/react-grid/grid/dist/widget/column-selector/ColumnListItem.js. This could be due to syntax errors or importing non-existent modules. (see errors above) @ http://localhost:5213/@vite/client:808
[  631853ms] [ERROR] [vite] Failed to reload /@fs/Users/develop/wfh/stern-bak/packages/react-grid/grid/dist/customizer/modules/column-customization/CellRendererEditors/RatingDeltaEditor.js. This could be due to syntax errors or importing non-existent modules. (see errors above) @ http://localhost:5213/@vite/client:808
[  631853ms] [ERROR] [vite] Failed to reload /@fs/Users/develop/wfh/stern-bak/packages/react-grid/grid/dist/widget/help/Overview.js. This could be due to syntax errors or importing non-existent modules. (see errors above) @ http://localhost:5213/@vite/client:808
[  631853ms] [ERROR] [vite] Failed to reload /@fs/Users/develop/wfh/stern-bak/packages/react-grid/grid/dist/widget/formatter/modules/ModuleFormat.js. This could be due to syntax errors or importing non-existent modules. (see errors above) @ http://localhost:5213/@vite/client:808
[  631853ms] [ERROR] [vite] Failed to reload /@fs/Users/develop/wfh/stern-bak/packages/react-grid/grid/dist/widget/DraggableFloat.js. This could be due to syntax errors or importing non-existent modules. (see errors above) @ http://localhost:5213/@vite/client:808
[  631853ms] [ERROR] [vite] Failed to reload /@fs/Users/develop/wfh/stern-bak/packages/react-grid/grid/dist/widget/ProfileSelector.js. This could be due to syntax errors or importing non-existent modules. (see errors above) @ http://localhost:5213/@vite/client:808
[  631853ms] [ERROR] [vite] Failed to reload /@fs/Users/develop/wfh/stern-bak/packages/react-grid/grid/dist/widget/FormattingToolbar.js. This could be due to syntax errors or importing non-existent modules. (see errors above) @ http://localhost:5213/@vite/client:808
[  631853ms] [ERROR] [vite] Failed to reload /@fs/Users/develop/wfh/stern-bak/packages/react-grid/grid/dist/widget/UnsavedSwitchDialog.js. This could be due to syntax errors or importing non-existent modules. (see errors above) @ http://localhost:5213/@vite/client:808
[  631853ms] [ERROR] [vite] Failed to reload /@fs/Users/develop/wfh/stern-bak/packages/react-grid/grid/dist/widget/HelpPanel.js. This could be due to syntax errors or importing non-existent modules. (see errors above) @ http://localhost:5213/@vite/client:808
[  631853ms] [ERROR] [vite] Failed to reload /@fs/Users/develop/wfh/stern-bak/packages/react-grid/grid/dist/widget/FiltersToolbar.js. This could be due to syntax errors or importing non-existent modules. (see errors above) @ http://localhost:5213/@vite/client:808
[  631853ms] [ERROR] [vite] Failed to reload /@fs/Users/develop/wfh/stern-bak/packages/react-grid/grid/dist/widget/formatter/modules/ModuleLibrary.js. This could be due to syntax errors or importing non-existent modules. (see errors above) @ http://localhost:5213/@vite/client:808
[  631853ms] [ERROR] [vite] Failed to reload /@fs/Users/develop/wfh/stern-bak/packages/react-grid/grid/dist/widget/formatter/modules/ModuleEditorFilter.js. This could be due to syntax errors or importing non-existent modules. (see errors above) @ http://localhost:5213/@vite/client:808
[  631853ms] [ERROR] [vite] Failed to reload /@fs/Users/develop/wfh/stern-bak/packages/react-grid/grid/dist/widget/formatter/modules/ModulePaint.js. This could be due to syntax errors or importing non-existent modules. (see errors above) @ http://localhost:5213/@vite/client:808
[  631853ms] [ERROR] [vite] Failed to reload /@fs/Users/develop/wfh/stern-bak/packages/react-grid/grid/dist/widget/help/EmojiGrid.js. This could be due to syntax errors or importing non-existent modules. (see errors above) @ http://localhost:5213/@vite/client:808
[  631853ms] [ERROR] [vite] Failed to reload /@fs/Users/develop/wfh/stern-bak/packages/react-grid/grid/dist/widget/EditableCaption.js. This could be due to syntax errors or importing non-existent modules. (see errors above) @ http://localhost:5213/@vite/client:808
[  631853ms] [ERROR] [vite] Failed to reload /@fs/Users/develop/wfh/stern-bak/packages/react-grid/grid/dist/widget/GridInfoButton.js. This could be due to syntax errors or importing non-existent modules. (see errors above) @ http://localhost:5213/@vite/client:808
[  631853ms] [ERROR] [vite] Failed to reload /@fs/Users/develop/wfh/stern-bak/packages/react-grid/grid/dist/widget/AdminActionButtons.js. This could be due to syntax errors or importing non-existent modules. (see errors above) @ http://localhost:5213/@vite/client:808
[  631951ms] [ERROR] Failed to load resource: the server responded with a status of 404 (Not Found) @ http://localhost:5213/@fs/Users/develop/wfh/stern-bak/packages/react-core/ui/dist/index.js?t=1785693203207:0
[  633672ms] [INFO] %cDownload the React DevTools for a better development experience: https://react.dev/link/react-devtools font-weight:bold @ http://localhost:5213/node_modules/.vite/deps/react-dom_client.js?v=2a1d275e:20102
[  633724ms] [LOG] ConfigManager initialized (mode: local) @ http://localhost:5213/@fs/Users/develop/wfh/stern-bak/packages/core/host-config/dist/ConfigManager.js?t=1785693187897:382
[  633788ms] [LOG] [markets-grid] gridId=%s mode=%s providerId=%s providerName=%s stomp-blotter live (none) (none) @ http://localhost:5213/@fs/Users/develop/wfh/stern-bak/packages/react-grid/widgets-react/dist/container/markets-grid-container/MarketsGridContainer.js?t=1785693205567:272
[  633789ms] [LOG] [markets-grid] gridId=%s mode=%s providerId=%s providerName=%s stomp-blotter live (none) (none) @ http://localhost:5213/@fs/Users/develop/wfh/stern-bak/packages/react-grid/widgets-react/dist/container/markets-grid-container/MarketsGridContainer.js?t=1785693205567:272
[  633819ms] [ERROR] **************************************************************************************************************************** @ http://localhost:5213/node_modules/.vite/deps/ag-grid-enterprise.js?v=2a1d275e:887
[  633819ms] [ERROR] ************************************************ AG Grid Enterprise License ************************************************ @ http://localhost:5213/node_modules/.vite/deps/ag-grid-enterprise.js?v=2a1d275e:887
[  633820ms] [ERROR] ************************************************** License Key Not Found *************************************************** @ http://localhost:5213/node_modules/.vite/deps/ag-grid-enterprise.js?v=2a1d275e:887
[  633820ms] [ERROR] * All AG Grid Enterprise features are unlocked for trial.                                                                  * @ http://localhost:5213/node_modules/.vite/deps/ag-grid-enterprise.js?v=2a1d275e:890
[  633820ms] [ERROR] * If you want to hide the watermark please email info@ag-grid.com for a trial license key.                                 * @ http://localhost:5213/node_modules/.vite/deps/ag-grid-enterprise.js?v=2a1d275e:890
[  633820ms] [ERROR] **************************************************************************************************************************** @ http://localhost:5213/node_modules/.vite/deps/ag-grid-enterprise.js?v=2a1d275e:887
[  633820ms] [ERROR] **************************************************************************************************************************** @ http://localhost:5213/node_modules/.vite/deps/ag-grid-enterprise.js?v=2a1d275e:887
[  633830ms] [LOG] [v2/markets-grid] gridLevelData: load → adapter.loadGridLevelData(%s) stomp-blotter @ http://localhost:5213/@fs/Users/develop/wfh/stern-bak/packages/react-grid/grid/dist/widget/useMarketsGridController.js?t=1785693207025:61
[  633831ms] [LOG] [markets-grid] gridId=%s mode=%s providerId=%s providerName=%s stomp-blotter live stomp-marketsgrid-minimal:positions-live (none) @ http://localhost:5213/@fs/Users/develop/wfh/stern-bak/packages/react-grid/widgets-react/dist/container/markets-grid-container/MarketsGridContainer.js?t=1785693205567:272
[  633832ms] [ERROR] **************************************************************************************************************************** @ http://localhost:5213/node_modules/.vite/deps/ag-grid-enterprise.js?v=2a1d275e:887
[  633832ms] [ERROR] ************************************************ AG Grid Enterprise License ************************************************ @ http://localhost:5213/node_modules/.vite/deps/ag-grid-enterprise.js?v=2a1d275e:887
[  633832ms] [ERROR] ************************************************** License Key Not Found *************************************************** @ http://localhost:5213/node_modules/.vite/deps/ag-grid-enterprise.js?v=2a1d275e:887
[  633832ms] [ERROR] * All AG Grid Enterprise features are unlocked for trial.                                                                  * @ http://localhost:5213/node_modules/.vite/deps/ag-grid-enterprise.js?v=2a1d275e:890
[  633833ms] [ERROR] * If you want to hide the watermark please email info@ag-grid.com for a trial license key.                                 * @ http://localhost:5213/node_modules/.vite/deps/ag-grid-enterprise.js?v=2a1d275e:890
[  633833ms] [ERROR] **************************************************************************************************************************** @ http://localhost:5213/node_modules/.vite/deps/ag-grid-enterprise.js?v=2a1d275e:887
[  633833ms] [ERROR] **************************************************************************************************************************** @ http://localhost:5213/node_modules/.vite/deps/ag-grid-enterprise.js?v=2a1d275e:887
[  633862ms] [ERROR] **************************************************************************************************************************** @ http://localhost:5213/node_modules/.vite/deps/ag-grid-enterprise.js?v=2a1d275e:887
[  633862ms] [ERROR] ************************************************ AG Grid Enterprise License ************************************************ @ http://localhost:5213/node_modules/.vite/deps/ag-grid-enterprise.js?v=2a1d275e:887
[  633862ms] [ERROR] ************************************************** License Key Not Found *************************************************** @ http://localhost:5213/node_modules/.vite/deps/ag-grid-enterprise.js?v=2a1d275e:887
[  633862ms] [ERROR] * All AG Grid Enterprise features are unlocked for trial.                                                                  * @ http://localhost:5213/node_modules/.vite/deps/ag-grid-enterprise.js?v=2a1d275e:890
[  633863ms] [ERROR] * If you want to hide the watermark please email info@ag-grid.com for a trial license key.                                 * @ http://localhost:5213/node_modules/.vite/deps/ag-grid-enterprise.js?v=2a1d275e:890
[  633863ms] [ERROR] **************************************************************************************************************************** @ http://localhost:5213/node_modules/.vite/deps/ag-grid-enterprise.js?v=2a1d275e:887
[  633863ms] [ERROR] **************************************************************************************************************************** @ http://localhost:5213/node_modules/.vite/deps/ag-grid-enterprise.js?v=2a1d275e:887
[  633869ms] [LOG] [v2/markets-grid] gridLevelData: load → adapter.loadGridLevelData(%s) stomp-blotter @ http://localhost:5213/@fs/Users/develop/wfh/stern-bak/packages/react-grid/grid/dist/widget/useMarketsGridController.js?t=1785693207025:61
[  633869ms] [LOG] [markets-grid] gridId=%s mode=%s providerId=%s providerName=%s stomp-blotter live stomp-marketsgrid-minimal:positions-live STOMP Positions @ http://localhost:5213/@fs/Users/develop/wfh/stern-bak/packages/react-grid/widgets-react/dist/container/markets-grid-container/MarketsGridContainer.js?t=1785693205567:272
[  633870ms] [ERROR] **************************************************************************************************************************** @ http://localhost:5213/node_modules/.vite/deps/ag-grid-enterprise.js?v=2a1d275e:887
[  633870ms] [ERROR] ************************************************ AG Grid Enterprise License ************************************************ @ http://localhost:5213/node_modules/.vite/deps/ag-grid-enterprise.js?v=2a1d275e:887
[  633870ms] [ERROR] ************************************************** License Key Not Found *************************************************** @ http://localhost:5213/node_modules/.vite/deps/ag-grid-enterprise.js?v=2a1d275e:887
[  633870ms] [ERROR] * All AG Grid Enterprise features are unlocked for trial.                                                                  * @ http://localhost:5213/node_modules/.vite/deps/ag-grid-enterprise.js?v=2a1d275e:890
[  633871ms] [ERROR] * If you want to hide the watermark please email info@ag-grid.com for a trial license key.                                 * @ http://localhost:5213/node_modules/.vite/deps/ag-grid-enterprise.js?v=2a1d275e:890
[  633871ms] [ERROR] **************************************************************************************************************************** @ http://localhost:5213/node_modules/.vite/deps/ag-grid-enterprise.js?v=2a1d275e:887
[  633871ms] [ERROR] **************************************************************************************************************************** @ http://localhost:5213/node_modules/.vite/deps/ag-grid-enterprise.js?v=2a1d275e:887
[  634022ms] [LOG] [v2/markets-grid] handle delivered to onReady (gridApi alive — consumer can now subscribe) @ http://localhost:5213/@fs/Users/develop/wfh/stern-bak/packages/react-grid/grid/dist/widget/useMarketsGridController.js?t=1785693207025:187
[  634036ms] [INFO] [starui/stomp-template] main thread ProviderClientAdapter.start {providerId: stomp-marketsgrid-minimal:positions-live, note: Hub loads catalog cfg in worker — see hub.attach / stomp.onConnect logs for wire destinations.} @ http://localhost:5213/@fs/Users/develop/wfh/stern-bak/packages/data/host-data/dist/provider/ProviderClientAdapter.js?t=1785693189023:69
[  637107ms] [INFO] %cDownload the React DevTools for a better development experience: https://react.dev/link/react-devtools font-weight:bold @ http://localhost:5213/node_modules/.vite/deps/react-dom_client.js?v=2a1d275e:20102
[  637163ms] [LOG] ConfigManager initialized (mode: local) @ http://localhost:5213/@fs/Users/develop/wfh/stern-bak/packages/core/host-config/dist/ConfigManager.js?t=1785693187897:382
[  637227ms] [LOG] [markets-grid] gridId=%s mode=%s providerId=%s providerName=%s stomp-blotter live (none) (none) @ http://localhost:5213/@fs/Users/develop/wfh/stern-bak/packages/react-grid/widgets-react/dist/container/markets-grid-container/MarketsGridContainer.js?t=1785693209960:272
[  637227ms] [LOG] [markets-grid] gridId=%s mode=%s providerId=%s providerName=%s stomp-blotter live (none) (none) @ http://localhost:5213/@fs/Users/develop/wfh/stern-bak/packages/react-grid/widgets-react/dist/container/markets-grid-container/MarketsGridContainer.js?t=1785693209960:272
[  637258ms] [ERROR] **************************************************************************************************************************** @ http://localhost:5213/node_modules/.vite/deps/ag-grid-enterprise.js?v=2a1d275e:887
[  637258ms] [ERROR] ************************************************ AG Grid Enterprise License ************************************************ @ http://localhost:5213/node_modules/.vite/deps/ag-grid-enterprise.js?v=2a1d275e:887
[  637258ms] [ERROR] ************************************************** License Key Not Found *************************************************** @ http://localhost:5213/node_modules/.vite/deps/ag-grid-enterprise.js?v=2a1d275e:887
[  637258ms] [ERROR] * All AG Grid Enterprise features are unlocked for trial.                                                                  * @ http://localhost:5213/node_modules/.vite/deps/ag-grid-enterprise.js?v=2a1d275e:890
[  637258ms] [ERROR] * If you want to hide the watermark please email info@ag-grid.com for a trial license key.                                 * @ http://localhost:5213/node_modules/.vite/deps/ag-grid-enterprise.js?v=2a1d275e:890
[  637258ms] [ERROR] **************************************************************************************************************************** @ http://localhost:5213/node_modules/.vite/deps/ag-grid-enterprise.js?v=2a1d275e:887
[  637259ms] [ERROR] **************************************************************************************************************************** @ http://localhost:5213/node_modules/.vite/deps/ag-grid-enterprise.js?v=2a1d275e:887
[  637269ms] [LOG] [v2/markets-grid] gridLevelData: load → adapter.loadGridLevelData(%s) stomp-blotter @ http://localhost:5213/@fs/Users/develop/wfh/stern-bak/packages/react-grid/grid/dist/widget/useMarketsGridController.js?t=1785693207025:61
[  637269ms] [LOG] [markets-grid] gridId=%s mode=%s providerId=%s providerName=%s stomp-blotter live stomp-marketsgrid-minimal:positions-live (none) @ http://localhost:5213/@fs/Users/develop/wfh/stern-bak/packages/react-grid/widgets-react/dist/container/markets-grid-container/MarketsGridContainer.js?t=1785693209960:272
[  637270ms] [ERROR] **************************************************************************************************************************** @ http://localhost:5213/node_modules/.vite/deps/ag-grid-enterprise.js?v=2a1d275e:887
[  637270ms] [ERROR] ************************************************ AG Grid Enterprise License ************************************************ @ http://localhost:5213/node_modules/.vite/deps/ag-grid-enterprise.js?v=2a1d275e:887
[  637270ms] [ERROR] ************************************************** License Key Not Found *************************************************** @ http://localhost:5213/node_modules/.vite/deps/ag-grid-enterprise.js?v=2a1d275e:887
[  637271ms] [ERROR] * All AG Grid Enterprise features are unlocked for trial.                                                                  * @ http://localhost:5213/node_modules/.vite/deps/ag-grid-enterprise.js?v=2a1d275e:890
[  637271ms] [ERROR] * If you want to hide the watermark please email info@ag-grid.com for a trial license key.                                 * @ http://localhost:5213/node_modules/.vite/deps/ag-grid-enterprise.js?v=2a1d275e:890
[  637271ms] [ERROR] **************************************************************************************************************************** @ http://localhost:5213/node_modules/.vite/deps/ag-grid-enterprise.js?v=2a1d275e:887
[  637271ms] [ERROR] **************************************************************************************************************************** @ http://localhost:5213/node_modules/.vite/deps/ag-grid-enterprise.js?v=2a1d275e:887
[  637297ms] [ERROR] **************************************************************************************************************************** @ http://localhost:5213/node_modules/.vite/deps/ag-grid-enterprise.js?v=2a1d275e:887
[  637297ms] [ERROR] ************************************************ AG Grid Enterprise License ************************************************ @ http://localhost:5213/node_modules/.vite/deps/ag-grid-enterprise.js?v=2a1d275e:887
[  637297ms] [ERROR] ************************************************** License Key Not Found *************************************************** @ http://localhost:5213/node_modules/.vite/deps/ag-grid-enterprise.js?v=2a1d275e:887
[  637298ms] [ERROR] * All AG Grid Enterprise features are unlocked for trial.                                                                  * @ http://localhost:5213/node_modules/.vite/deps/ag-grid-enterprise.js?v=2a1d275e:890
[  637298ms] [ERROR] * If you want to hide the watermark please email info@ag-grid.com for a trial license key.                                 * @ http://localhost:5213/node_modules/.vite/deps/ag-grid-enterprise.js?v=2a1d275e:890
[  637298ms] [ERROR] **************************************************************************************************************************** @ http://localhost:5213/node_modules/.vite/deps/ag-grid-enterprise.js?v=2a1d275e:887
[  637298ms] [ERROR] **************************************************************************************************************************** @ http://localhost:5213/node_modules/.vite/deps/ag-grid-enterprise.js?v=2a1d275e:887
[  637305ms] [LOG] [v2/markets-grid] gridLevelData: load → adapter.loadGridLevelData(%s) stomp-blotter @ http://localhost:5213/@fs/Users/develop/wfh/stern-bak/packages/react-grid/grid/dist/widget/useMarketsGridController.js?t=1785693207025:61
[  637305ms] [LOG] [markets-grid] gridId=%s mode=%s providerId=%s providerName=%s stomp-blotter live stomp-marketsgrid-minimal:positions-live STOMP Positions @ http://localhost:5213/@fs/Users/develop/wfh/stern-bak/packages/react-grid/widgets-react/dist/container/markets-grid-container/MarketsGridContainer.js?t=1785693209960:272
[  637306ms] [ERROR] **************************************************************************************************************************** @ http://localhost:5213/node_modules/.vite/deps/ag-grid-enterprise.js?v=2a1d275e:887
[  637306ms] [ERROR] ************************************************ AG Grid Enterprise License ************************************************ @ http://localhost:5213/node_modules/.vite/deps/ag-grid-enterprise.js?v=2a1d275e:887
[  637306ms] [ERROR] ************************************************** License Key Not Found *************************************************** @ http://localhost:5213/node_modules/.vite/deps/ag-grid-enterprise.js?v=2a1d275e:887
[  637306ms] [ERROR] * All AG Grid Enterprise features are unlocked for trial.                                                                  * @ http://localhost:5213/node_modules/.vite/deps/ag-grid-enterprise.js?v=2a1d275e:890
[  637306ms] [ERROR] * If you want to hide the watermark please email info@ag-grid.com for a trial license key.                                 * @ http://localhost:5213/node_modules/.vite/deps/ag-grid-enterprise.js?v=2a1d275e:890
[  637307ms] [ERROR] **************************************************************************************************************************** @ http://localhost:5213/node_modules/.vite/deps/ag-grid-enterprise.js?v=2a1d275e:887
[  637307ms] [ERROR] **************************************************************************************************************************** @ http://localhost:5213/node_modules/.vite/deps/ag-grid-enterprise.js?v=2a1d275e:887
[  637436ms] [LOG] [v2/markets-grid] handle delivered to onReady (gridApi alive — consumer can now subscribe) @ http://localhost:5213/@fs/Users/develop/wfh/stern-bak/packages/react-grid/grid/dist/widget/useMarketsGridController.js?t=1785693207025:187
[  637451ms] [INFO] [starui/stomp-template] main thread ProviderClientAdapter.start {providerId: stomp-marketsgrid-minimal:positions-live, note: Hub loads catalog cfg in worker — see hub.attach / stomp.onConnect logs for wire destinations.} @ http://localhost:5213/@fs/Users/develop/wfh/stern-bak/packages/data/host-data/dist/provider/ProviderClientAdapter.js?t=1785693189023:69
