[     236ms] [INFO] %cDownload the React DevTools for a better development experience: https://react.dev/link/react-devtools font-weight:bold @ http://localhost:5213/node_modules/.vite/deps/react-dom_client.js?v=2a1d275e:20102
[     304ms] [LOG] ConfigManager initialized (mode: local) @ http://localhost:5213/@fs/Users/develop/wfh/stern-bak/packages/core/host-config/dist/ConfigManager.js:382
[     342ms] [ERROR] Failed to load resource: the server responded with a status of 404 (Not Found) @ http://localhost:5213/favicon.ico:0
[     378ms] [LOG] [markets-grid] gridId=%s mode=%s providerId=%s providerName=%s stomp-blotter live (none) (none) @ http://localhost:5213/@fs/Users/develop/wfh/stern-bak/packages/react-grid/widgets-react/dist/container/markets-grid-container/MarketsGridContainer.js:272
[     378ms] [LOG] [markets-grid] gridId=%s mode=%s providerId=%s providerName=%s stomp-blotter live (none) (none) @ http://localhost:5213/@fs/Users/develop/wfh/stern-bak/packages/react-grid/widgets-react/dist/container/markets-grid-container/MarketsGridContainer.js:272
[     411ms] [ERROR] **************************************************************************************************************************** @ http://localhost:5213/node_modules/.vite/deps/ag-grid-enterprise.js?v=2a1d275e:887
[     411ms] [ERROR] ************************************************ AG Grid Enterprise License ************************************************ @ http://localhost:5213/node_modules/.vite/deps/ag-grid-enterprise.js?v=2a1d275e:887
[     412ms] [ERROR] ************************************************** License Key Not Found *************************************************** @ http://localhost:5213/node_modules/.vite/deps/ag-grid-enterprise.js?v=2a1d275e:887
[     412ms] [ERROR] * All AG Grid Enterprise features are unlocked for trial.                                                                  * @ http://localhost:5213/node_modules/.vite/deps/ag-grid-enterprise.js?v=2a1d275e:890
[     412ms] [ERROR] * If you want to hide the watermark please email info@ag-grid.com for a trial license key.                                 * @ http://localhost:5213/node_modules/.vite/deps/ag-grid-enterprise.js?v=2a1d275e:890
[     412ms] [ERROR] **************************************************************************************************************************** @ http://localhost:5213/node_modules/.vite/deps/ag-grid-enterprise.js?v=2a1d275e:887
[     412ms] [ERROR] **************************************************************************************************************************** @ http://localhost:5213/node_modules/.vite/deps/ag-grid-enterprise.js?v=2a1d275e:887
[     434ms] [LOG] [v2/markets-grid] gridLevelData: load → adapter.loadGridLevelData(%s) stomp-blotter @ http://localhost:5213/@fs/Users/develop/wfh/stern-bak/packages/react-grid/grid/dist/widget/useMarketsGridController.js:61
[     435ms] [LOG] [markets-grid] gridId=%s mode=%s providerId=%s providerName=%s stomp-blotter live stomp-marketsgrid-minimal:positions-live (none) @ http://localhost:5213/@fs/Users/develop/wfh/stern-bak/packages/react-grid/widgets-react/dist/container/markets-grid-container/MarketsGridContainer.js:272
[     436ms] [ERROR] **************************************************************************************************************************** @ http://localhost:5213/node_modules/.vite/deps/ag-grid-enterprise.js?v=2a1d275e:887
[     437ms] [ERROR] ************************************************ AG Grid Enterprise License ************************************************ @ http://localhost:5213/node_modules/.vite/deps/ag-grid-enterprise.js?v=2a1d275e:887
[     437ms] [ERROR] ************************************************** License Key Not Found *************************************************** @ http://localhost:5213/node_modules/.vite/deps/ag-grid-enterprise.js?v=2a1d275e:887
[     437ms] [ERROR] * All AG Grid Enterprise features are unlocked for trial.                                                                  * @ http://localhost:5213/node_modules/.vite/deps/ag-grid-enterprise.js?v=2a1d275e:890
[     437ms] [ERROR] * If you want to hide the watermark please email info@ag-grid.com for a trial license key.                                 * @ http://localhost:5213/node_modules/.vite/deps/ag-grid-enterprise.js?v=2a1d275e:890
[     437ms] [ERROR] **************************************************************************************************************************** @ http://localhost:5213/node_modules/.vite/deps/ag-grid-enterprise.js?v=2a1d275e:887
[     437ms] [ERROR] **************************************************************************************************************************** @ http://localhost:5213/node_modules/.vite/deps/ag-grid-enterprise.js?v=2a1d275e:887
[     459ms] [ERROR] **************************************************************************************************************************** @ http://localhost:5213/node_modules/.vite/deps/ag-grid-enterprise.js?v=2a1d275e:887
[     459ms] [ERROR] ************************************************ AG Grid Enterprise License ************************************************ @ http://localhost:5213/node_modules/.vite/deps/ag-grid-enterprise.js?v=2a1d275e:887
[     459ms] [ERROR] ************************************************** License Key Not Found *************************************************** @ http://localhost:5213/node_modules/.vite/deps/ag-grid-enterprise.js?v=2a1d275e:887
[     459ms] [ERROR] * All AG Grid Enterprise features are unlocked for trial.                                                                  * @ http://localhost:5213/node_modules/.vite/deps/ag-grid-enterprise.js?v=2a1d275e:890
[     459ms] [ERROR] * If you want to hide the watermark please email info@ag-grid.com for a trial license key.                                 * @ http://localhost:5213/node_modules/.vite/deps/ag-grid-enterprise.js?v=2a1d275e:890
[     460ms] [ERROR] **************************************************************************************************************************** @ http://localhost:5213/node_modules/.vite/deps/ag-grid-enterprise.js?v=2a1d275e:887
[     460ms] [ERROR] **************************************************************************************************************************** @ http://localhost:5213/node_modules/.vite/deps/ag-grid-enterprise.js?v=2a1d275e:887
[     467ms] [LOG] [v2/markets-grid] gridLevelData: load → adapter.loadGridLevelData(%s) stomp-blotter @ http://localhost:5213/@fs/Users/develop/wfh/stern-bak/packages/react-grid/grid/dist/widget/useMarketsGridController.js:61
[     467ms] [LOG] [markets-grid] gridId=%s mode=%s providerId=%s providerName=%s stomp-blotter live stomp-marketsgrid-minimal:positions-live STOMP Positions @ http://localhost:5213/@fs/Users/develop/wfh/stern-bak/packages/react-grid/widgets-react/dist/container/markets-grid-container/MarketsGridContainer.js:272
[     468ms] [ERROR] **************************************************************************************************************************** @ http://localhost:5213/node_modules/.vite/deps/ag-grid-enterprise.js?v=2a1d275e:887
[     468ms] [ERROR] ************************************************ AG Grid Enterprise License ************************************************ @ http://localhost:5213/node_modules/.vite/deps/ag-grid-enterprise.js?v=2a1d275e:887
[     468ms] [ERROR] ************************************************** License Key Not Found *************************************************** @ http://localhost:5213/node_modules/.vite/deps/ag-grid-enterprise.js?v=2a1d275e:887
[     468ms] [ERROR] * All AG Grid Enterprise features are unlocked for trial.                                                                  * @ http://localhost:5213/node_modules/.vite/deps/ag-grid-enterprise.js?v=2a1d275e:890
[     468ms] [ERROR] * If you want to hide the watermark please email info@ag-grid.com for a trial license key.                                 * @ http://localhost:5213/node_modules/.vite/deps/ag-grid-enterprise.js?v=2a1d275e:890
[     469ms] [ERROR] **************************************************************************************************************************** @ http://localhost:5213/node_modules/.vite/deps/ag-grid-enterprise.js?v=2a1d275e:887
[     469ms] [ERROR] **************************************************************************************************************************** @ http://localhost:5213/node_modules/.vite/deps/ag-grid-enterprise.js?v=2a1d275e:887
[     611ms] [LOG] [v2/markets-grid] handle delivered to onReady (gridApi alive — consumer can now subscribe) @ http://localhost:5213/@fs/Users/develop/wfh/stern-bak/packages/react-grid/grid/dist/widget/useMarketsGridController.js:187
[     627ms] [INFO] [starui/stomp-template] main thread ProviderClientAdapter.start {providerId: stomp-marketsgrid-minimal:positions-live, note: Hub loads catalog cfg in worker — see hub.attach / stomp.onConnect logs for wire destinations.} @ http://localhost:5213/@fs/Users/develop/wfh/stern-bak/packages/data/host-data/dist/provider/ProviderClientAdapter.js:69
[  230042ms] [INFO] %cDownload the React DevTools for a better development experience: https://react.dev/link/react-devtools font-weight:bold @ http://localhost:5213/node_modules/.vite/deps/react-dom_client.js?v=2a1d275e:20102
[  230112ms] [LOG] ConfigManager initialized (mode: local) @ http://localhost:5213/@fs/Users/develop/wfh/stern-bak/packages/core/host-config/dist/ConfigManager.js:382
[  230165ms] [LOG] [markets-grid] gridId=%s mode=%s providerId=%s providerName=%s stomp-blotter live (none) (none) @ http://localhost:5213/@fs/Users/develop/wfh/stern-bak/packages/react-grid/widgets-react/dist/container/markets-grid-container/MarketsGridContainer.js?t=1785695057982:272
[  230166ms] [LOG] [markets-grid] gridId=%s mode=%s providerId=%s providerName=%s stomp-blotter live (none) (none) @ http://localhost:5213/@fs/Users/develop/wfh/stern-bak/packages/react-grid/widgets-react/dist/container/markets-grid-container/MarketsGridContainer.js?t=1785695057982:272
[  230197ms] [ERROR] **************************************************************************************************************************** @ http://localhost:5213/node_modules/.vite/deps/ag-grid-enterprise.js?v=2a1d275e:887
[  230197ms] [ERROR] ************************************************ AG Grid Enterprise License ************************************************ @ http://localhost:5213/node_modules/.vite/deps/ag-grid-enterprise.js?v=2a1d275e:887
[  230197ms] [ERROR] ************************************************** License Key Not Found *************************************************** @ http://localhost:5213/node_modules/.vite/deps/ag-grid-enterprise.js?v=2a1d275e:887
[  230197ms] [ERROR] * All AG Grid Enterprise features are unlocked for trial.                                                                  * @ http://localhost:5213/node_modules/.vite/deps/ag-grid-enterprise.js?v=2a1d275e:890
[  230197ms] [ERROR] * If you want to hide the watermark please email info@ag-grid.com for a trial license key.                                 * @ http://localhost:5213/node_modules/.vite/deps/ag-grid-enterprise.js?v=2a1d275e:890
[  230197ms] [ERROR] **************************************************************************************************************************** @ http://localhost:5213/node_modules/.vite/deps/ag-grid-enterprise.js?v=2a1d275e:887
[  230198ms] [ERROR] **************************************************************************************************************************** @ http://localhost:5213/node_modules/.vite/deps/ag-grid-enterprise.js?v=2a1d275e:887
[  230213ms] [LOG] [v2/markets-grid] gridLevelData: load → adapter.loadGridLevelData(%s) stomp-blotter @ http://localhost:5213/@fs/Users/develop/wfh/stern-bak/packages/react-grid/grid/dist/widget/useMarketsGridController.js:61
[  230214ms] [LOG] [markets-grid] gridId=%s mode=%s providerId=%s providerName=%s stomp-blotter live stomp-marketsgrid-minimal:positions-live (none) @ http://localhost:5213/@fs/Users/develop/wfh/stern-bak/packages/react-grid/widgets-react/dist/container/markets-grid-container/MarketsGridContainer.js?t=1785695057982:272
[  230216ms] [ERROR] **************************************************************************************************************************** @ http://localhost:5213/node_modules/.vite/deps/ag-grid-enterprise.js?v=2a1d275e:887
[  230216ms] [ERROR] ************************************************ AG Grid Enterprise License ************************************************ @ http://localhost:5213/node_modules/.vite/deps/ag-grid-enterprise.js?v=2a1d275e:887
[  230216ms] [ERROR] ************************************************** License Key Not Found *************************************************** @ http://localhost:5213/node_modules/.vite/deps/ag-grid-enterprise.js?v=2a1d275e:887
[  230216ms] [ERROR] * All AG Grid Enterprise features are unlocked for trial.                                                                  * @ http://localhost:5213/node_modules/.vite/deps/ag-grid-enterprise.js?v=2a1d275e:890
[  230216ms] [ERROR] * If you want to hide the watermark please email info@ag-grid.com for a trial license key.                                 * @ http://localhost:5213/node_modules/.vite/deps/ag-grid-enterprise.js?v=2a1d275e:890
[  230216ms] [ERROR] **************************************************************************************************************************** @ http://localhost:5213/node_modules/.vite/deps/ag-grid-enterprise.js?v=2a1d275e:887
[  230216ms] [ERROR] **************************************************************************************************************************** @ http://localhost:5213/node_modules/.vite/deps/ag-grid-enterprise.js?v=2a1d275e:887
[  232733ms] [ERROR] **************************************************************************************************************************** @ http://localhost:5213/node_modules/.vite/deps/ag-grid-enterprise.js?v=2a1d275e:887
[  232733ms] [ERROR] ************************************************ AG Grid Enterprise License ************************************************ @ http://localhost:5213/node_modules/.vite/deps/ag-grid-enterprise.js?v=2a1d275e:887
[  232733ms] [ERROR] ************************************************** License Key Not Found *************************************************** @ http://localhost:5213/node_modules/.vite/deps/ag-grid-enterprise.js?v=2a1d275e:887
[  232733ms] [ERROR] * All AG Grid Enterprise features are unlocked for trial.                                                                  * @ http://localhost:5213/node_modules/.vite/deps/ag-grid-enterprise.js?v=2a1d275e:890
[  232733ms] [ERROR] * If you want to hide the watermark please email info@ag-grid.com for a trial license key.                                 * @ http://localhost:5213/node_modules/.vite/deps/ag-grid-enterprise.js?v=2a1d275e:890
[  232733ms] [ERROR] **************************************************************************************************************************** @ http://localhost:5213/node_modules/.vite/deps/ag-grid-enterprise.js?v=2a1d275e:887
[  232733ms] [ERROR] **************************************************************************************************************************** @ http://localhost:5213/node_modules/.vite/deps/ag-grid-enterprise.js?v=2a1d275e:887
[  232740ms] [LOG] [v2/markets-grid] gridLevelData: load → adapter.loadGridLevelData(%s) stomp-blotter @ http://localhost:5213/@fs/Users/develop/wfh/stern-bak/packages/react-grid/grid/dist/widget/useMarketsGridController.js:61
[  232741ms] [LOG] [markets-grid] gridId=%s mode=%s providerId=%s providerName=%s stomp-blotter live stomp-marketsgrid-minimal:positions-live STOMP Positions @ http://localhost:5213/@fs/Users/develop/wfh/stern-bak/packages/react-grid/widgets-react/dist/container/markets-grid-container/MarketsGridContainer.js?t=1785695057982:272
[  232742ms] [ERROR] **************************************************************************************************************************** @ http://localhost:5213/node_modules/.vite/deps/ag-grid-enterprise.js?v=2a1d275e:887
[  232742ms] [ERROR] ************************************************ AG Grid Enterprise License ************************************************ @ http://localhost:5213/node_modules/.vite/deps/ag-grid-enterprise.js?v=2a1d275e:887
[  232742ms] [ERROR] ************************************************** License Key Not Found *************************************************** @ http://localhost:5213/node_modules/.vite/deps/ag-grid-enterprise.js?v=2a1d275e:887
[  232742ms] [ERROR] * All AG Grid Enterprise features are unlocked for trial.                                                                  * @ http://localhost:5213/node_modules/.vite/deps/ag-grid-enterprise.js?v=2a1d275e:890
[  232742ms] [ERROR] * If you want to hide the watermark please email info@ag-grid.com for a trial license key.                                 * @ http://localhost:5213/node_modules/.vite/deps/ag-grid-enterprise.js?v=2a1d275e:890
[  232742ms] [ERROR] **************************************************************************************************************************** @ http://localhost:5213/node_modules/.vite/deps/ag-grid-enterprise.js?v=2a1d275e:887
[  232742ms] [ERROR] **************************************************************************************************************************** @ http://localhost:5213/node_modules/.vite/deps/ag-grid-enterprise.js?v=2a1d275e:887
[  232872ms] [LOG] [v2/markets-grid] handle delivered to onReady (gridApi alive — consumer can now subscribe) @ http://localhost:5213/@fs/Users/develop/wfh/stern-bak/packages/react-grid/grid/dist/widget/useMarketsGridController.js:187
[  232888ms] [INFO] [starui/stomp-template] main thread ProviderClientAdapter.start {providerId: stomp-marketsgrid-minimal:positions-live, note: Hub loads catalog cfg in worker — see hub.attach / stomp.onConnect logs for wire destinations.} @ http://localhost:5213/@fs/Users/develop/wfh/stern-bak/packages/data/host-data/dist/provider/ProviderClientAdapter.js?t=1785695056284:69
[  270472ms] [ERROR] WebSocket connection to 'ws://localhost:5213/?token=iufhmrGo03HN' failed:  @ http://localhost:5213/@vite/client:744
[  270472ms] [LOG] [vite] server connection lost. Polling for restart... @ http://localhost:5213/@vite/client:864
[  270478ms] [ERROR] [MarketsGridContainer] Error: Provider disconnected
    at http://localhost:5213/@fs/Users/develop/wfh/stern-bak/packages/react-grid/widgets-react/dist/container/markets-grid-container/useProviderDataWiring.js:177:56
    at http://localhost:5213/@fs/Users/develop/wfh/stern-bak/packages/data/host-data/dist/provider/ProviderClientAdapter.js?t=1785695056284:161:17
    at Object.onStatus (http://localhost:5213/@fs/Users/develop/wfh/stern-bak/packages/data/host-data/dist/runtime/client/SharedWorkerDataServicesClient.js?t=1785695056268:256:27)
    at MessagePort.handleMessage (http://localhost:5213/@fs/Users/develop/wfh/stern-bak/packages/data/host-data/dist/runtime/client/SharedWorkerDataServicesClient.js?t=1785695056268:721:34)
    at MessagePort.wrapped (<anonymous>:26:27) @ http://localhost:5213/@fs/Users/develop/wfh/stern-bak/packages/react-grid/widgets-react/dist/container/markets-grid-container/useProviderDataWiring.js:26
[  270478ms] [ERROR] [MarketsGridContainer] Error: Provider disconnected
    at http://localhost:5213/@fs/Users/develop/wfh/stern-bak/packages/data/host-data/dist/provider/ProviderClientAdapter.js?t=1785695056284:163:29
    at Object.onStatus (http://localhost:5213/@fs/Users/develop/wfh/stern-bak/packages/data/host-data/dist/runtime/client/SharedWorkerDataServicesClient.js?t=1785695056268:256:27)
    at MessagePort.handleMessage (http://localhost:5213/@fs/Users/develop/wfh/stern-bak/packages/data/host-data/dist/runtime/client/SharedWorkerDataServicesClient.js?t=1785695056268:721:34)
    at MessagePort.wrapped (<anonymous>:26:27) @ http://localhost:5213/@fs/Users/develop/wfh/stern-bak/packages/react-grid/widgets-react/dist/container/markets-grid-container/useProviderDataWiring.js:26
